{"logTime": "0422/143659", "correlationVector":"Nd+n83ADVjQQGOQptf8wp1.1","action":"SyncServerConnectionManagerRequest", "result":"SYNC_SERVER_OK", "context":{"environment":"Prod_southindia_prod-s01-004-apac-southindia", "migrationStage":"NotStarted", "server":"akswtt10400000l"}}
{"logTime": "0422/143659", "correlationVector":"Nd+n83ADVjQQGOQptf8wp1.2","action":"ProcessGetUpdates", "result":"Done", "context":{"dataType":"Encryption Keys", "deleted":"0", "process_failed_to_decrypt":"0", "process_pending_decryption":"0", "process_success":"1", "total":"1"}}
{"logTime": "0422/143701", "correlationVector":"w8FVGwuV9m2VztKPnCAtZ1","action":"SyncServerConnectionManagerRequest", "result":"SYNC_SERVER_OK", "context":{"environment":"", "migrationStage":"", "server":""}}
{"logTime": "0422/143701", "correlationVector":"w8FVGwuV9m2VztKPnCAtZ1.0","action":"EncryptionKeysFetcher.DownloadKeys:", "result":"Success", "context":Key count: 6, Last key timestamp: 2026-04-15T09:13:14Z}
{"logTime": "0422/143701", "correlationVector":"w8FVGwuV9m2VztKPnCAtZ1.1","action":"EncryptionKeysManager::SetEncryptionKeys:", "result":"Success", "context":Key names[6]:[IOgw5majjjTuWXsIij2ZNvi/lg1xaDw8KxHihDS6Am3P4lZtiQFv3hyH+ZWK6jkfDKxo44mGExdlYP5MCiu84A==][2ehQdZje3CtiqlEVfY9oLSlajw/2v39DW4vaO5SRVzErzhqoUWehX6+HoFBy3f08Gxp42v1Ro4a+qWNZxbmEhQ==][n3K28X4nOVhZv12EbyzL2B8k38NowXujV5D3geaCPKUQ92eoRCtw90qv9lYGA7337fFNWIuU+osaU+Or5n/CIQ==][RziG3L16W8HNmuWyZMa68KYsXG0qGJ7GWG1572Nb89elNCFjH96z20q6OLVwmWad7tdvKeWRk1Zd4sWl7l8ewA==][IwtLT+ESNIVyPapIoXUxY5r7dEmAzF5y+XkNHo/FmsaTxV2vc+1cEhUrIy5wic/hkPjuwZWgupxlheeZLXPgDQ==][fT1PS2Drvrxbj0elMdOQuqjnKIUFWOCthupSaKR7NR/hND3V3+en3ebWo3BujJ7pZIuyrDOFtu/9Es1xiemDnw==]}
{"logTime": "0422/143701", "correlationVector":"w8FVGwuV9m2VztKPnCAtZ1.2","action":"EncryptionKeysManager::SetEncryptionKeysWithTimestamps:", "result":"Success", "context":Key timestamps[6]:[2023-03-12T06:35:06Z][2023-09-17T12:55:03Z][2024-05-15T15:27:33Z][2024-11-08T17:18:15Z][2025-10-16T12:41:19Z][2026-04-15T09:13:14Z]}
{"logTime": "0422/143701", "correlationVector":"Nd+n83ADVjQQGOQptf8wp1","action":"Initial GetUpdates", "result":"", "context":Reason: NEW_CLIENT. cV=Nd+n83ADVjQQGOQptf8wp1}
{"logTime": "0422/143701", "correlationVector":"Nd+n83ADVjQQGOQptf8wp1.3","action":"GetUpdates Response", "result":"Success", "context":Received 1 update(s). cV=Nd+n83ADVjQQGOQptf8wp1.0;server=akswtt10400000l;cloudType=Consumer;environment=Prod_southindia_prod-s01-004-apac-southindia;migrationStage=NotStarted}
{"logTime": "0422/143701", "correlationVector":"QjzT9qlEUqgMX05P4BP94q","action":"Initial GetUpdates", "result":"", "context":Reason: NEWLY_SUPPORTED_DATATYPE. cV=QjzT9qlEUqgMX05P4BP94q}
{"logTime": "0422/143702", "correlationVector":"QjzT9qlEUqgMX05P4BP94q.1","action":"SyncServerConnectionManagerRequest", "result":"SYNC_SERVER_OK", "context":{"environment":"Prod_southindia_prod-s01-004-apac-southindia", "migrationStage":"NotStarted", "server":"akswtt10400000t"}}
{"logTime": "0422/143702", "correlationVector":"QjzT9qlEUqgMX05P4BP94q.2","action":"ProcessGetUpdates", "result":"Done", "context":{"dataType":"Preferences", "deleted":"1", "process_failed_to_decrypt":"0", "process_pending_decryption":"0", "process_success":"78", "total":"78"}}
{"logTime": "0422/143702", "correlationVector":"QjzT9qlEUqgMX05P4BP94q.3","action":"ProcessGetUpdates", "result":"Done", "context":{"dataType":"Passwords", "deleted":"0", "process_failed_to_decrypt":"0", "process_pending_decryption":"0", "process_success":"44", "total":"44"}}
{"logTime": "0422/143702", "correlationVector":"QjzT9qlEUqgMX05P4BP94q.4","action":"ProcessGetUpdates", "result":"Done", "context":{"dataType":"Device Info", "deleted":"0", "process_failed_to_decrypt":"0", "process_pending_decryption":"0", "process_success":"6", "total":"6"}}
{"logTime": "0422/143702", "correlationVector":"QjzT9qlEUqgMX05P4BP94q.5","action":"GetUpdates Response", "result":"Success", "context":Received 128 update(s). cV=QjzT9qlEUqgMX05P4BP94q.0;server=akswtt10400000t;cloudType=Consumer;environment=Prod_southindia_prod-s01-004-apac-southindia;migrationStage=NotStarted}
{"logTime": "0422/143703", "correlationVector":"4k+bNhcxwuJhJZP3zsZPh6","action":"Initial GetUpdates", "result":"", "context":Reason: NEWLY_SUPPORTED_DATATYPE. cV=4k+bNhcxwuJhJZP3zsZPh6}
{"logTime": "0422/143704", "correlationVector":"4k+bNhcxwuJhJZP3zsZPh6.1","action":"SyncServerConnectionManagerRequest", "result":"SYNC_SERVER_OK", "context":{"environment":"Prod_southindia_prod-s01-004-apac-southindia", "migrationStage":"NotStarted", "server":"akswtt10400000k"}}
{"logTime": "0422/143704", "correlationVector":"4k+bNhcxwuJhJZP3zsZPh6.2","action":"ProcessGetUpdates", "result":"Done", "context":{"dataType":"Bookmarks", "deleted":"0", "process_failed_to_decrypt":"0", "process_pending_decryption":"0", "process_success":"6", "total":"6"}}
{"logTime": "0422/143704", "correlationVector":"4k+bNhcxwuJhJZP3zsZPh6.3","action":"GetUpdates Response", "result":"Success", "context":Received 6 update(s). cV=4k+bNhcxwuJhJZP3zsZPh6.0;server=akswtt10400000k;cloudType=Consumer;environment=Prod_southindia_prod-s01-004-apac-southindia;migrationStage=NotStarted}
{"logTime": "0422/143704", "correlationVector":"NcbPo8Jt0Tohuf+Rxvnynd","action":"Initial GetUpdates", "result":"", "context":Reason: NEWLY_SUPPORTED_DATATYPE. cV=NcbPo8Jt0Tohuf+Rxvnynd}
{"logTime": "0422/143706", "correlationVector":"NcbPo8Jt0Tohuf+Rxvnynd.1","action":"SyncServerConnectionManagerRequest", "result":"SYNC_SERVER_OK", "context":{"environment":"Prod_southindia_prod-s01-004-apac-southindia", "migrationStage":"NotStarted", "server":"akswtt10400000l"}}
{"logTime": "0422/143706", "correlationVector":"NcbPo8Jt0Tohuf+Rxvnynd.2","action":"ProcessGetUpdates", "result":"Done", "context":{"dataType":"Autofill", "deleted":"0", "process_failed_to_decrypt":"0", "process_pending_decryption":"0", "process_success":"1", "total":"1"}}
{"logTime": "0422/143706", "correlationVector":"NcbPo8Jt0Tohuf+Rxvnynd.3","action":"ProcessGetUpdates", "result":"Done", "context":{"dataType":"Extensions", "deleted":"0", "process_failed_to_decrypt":"0", "process_pending_decryption":"0", "process_success":"1", "total":"1"}}
{"logTime": "0422/143706", "correlationVector":"NcbPo8Jt0Tohuf+Rxvnynd.4","action":"ProcessGetUpdates", "result":"Done", "context":{"dataType":"Sessions", "deleted":"246", "process_failed_to_decrypt":"0", "process_pending_decryption":"0", "process_success":"246", "total":"246"}}
{"logTime": "0422/143706", "correlationVector":"NcbPo8Jt0Tohuf+Rxvnynd.5","action":"ProcessGetUpdates", "result":"Done", "context":{"dataType":"Edge Hub App Usage", "deleted":"1", "process_failed_to_decrypt":"0", "process_pending_decryption":"0", "process_success":"2", "total":"2"}}
{"logTime": "0422/143706", "correlationVector":"NcbPo8Jt0Tohuf+Rxvnynd.6","action":"GetUpdates Response", "result":"Success", "context":Received 250 update(s). cV=NcbPo8Jt0Tohuf+Rxvnynd.0;server=akswtt10400000l;cloudType=Consumer;environment=Prod_southindia_prod-s01-004-apac-southindia;migrationStage=NotStarted Some updates remain.}
{"logTime": "0422/143706", "correlationVector":"8QtPI1gKtEyhLI1FRc23wx","action":"Initial GetUpdates", "result":"", "context":Reason: NEWLY_SUPPORTED_DATATYPE. cV=8QtPI1gKtEyhLI1FRc23wx}
{"logTime": "0422/143708", "correlationVector":"8QtPI1gKtEyhLI1FRc23wx.1","action":"SyncServerConnectionManagerRequest", "result":"SYNC_SERVER_OK", "context":{"environment":"Prod_southindia_prod-s01-004-apac-southindia", "migrationStage":"NotStarted", "server":"akswtt10400000g"}}
{"logTime": "0422/143708", "correlationVector":"8QtPI1gKtEyhLI1FRc23wx.2","action":"ProcessGetUpdates", "result":"Done", "context":{"dataType":"Autofill Profiles", "deleted":"0", "process_failed_to_decrypt":"0", "process_pending_decryption":"0", "process_success":"1", "total":"1"}}
{"logTime": "0422/143708", "correlationVector":"8QtPI1gKtEyhLI1FRc23wx.3","action":"ProcessGetUpdates", "result":"Done", "context":{"dataType":"Sessions", "deleted":"231", "process_failed_to_decrypt":"0", "process_pending_decryption":"0", "process_success":"236", "total":"236"}}
{"logTime": "0422/143708", "correlationVector":"8QtPI1gKtEyhLI1FRc23wx.4","action":"ProcessGetUpdates", "result":"Done", "context":{"dataType":"Edge Hub App Usage", "deleted":"2", "process_failed_to_decrypt":"0", "process_pending_decryption":"0", "process_success":"13", "total":"13"}}
{"logTime": "0422/143708", "correlationVector":"8QtPI1gKtEyhLI1FRc23wx.5","action":"GetUpdates Response", "result":"Success", "context":Received 250 update(s). cV=8QtPI1gKtEyhLI1FRc23wx.0;server=akswtt10400000g;cloudType=Consumer;environment=Prod_southindia_prod-s01-004-apac-southindia;migrationStage=NotStarted Some updates remain.}
{"logTime": "0422/143708", "correlationVector":"2O+ECo2QIkC6e4ULZv8Iyw","action":"Initial GetUpdates", "result":"", "context":Reason: NEWLY_SUPPORTED_DATATYPE. cV=2O+ECo2QIkC6e4ULZv8Iyw}
{"logTime": "0422/143715", "correlationVector":"2O+ECo2QIkC6e4ULZv8Iyw.1","action":"SyncServerConnectionManagerRequest", "result":"SYNC_SERVER_OK", "context":{"environment":"Prod_southindia_prod-s01-004-apac-southindia", "migrationStage":"NotStarted", "server":"akswtt10400000g"}}
{"logTime": "0422/143715", "correlationVector":"2O+ECo2QIkC6e4ULZv8Iyw.2","action":"ProcessGetUpdates", "result":"Done", "context":{"dataType":"Autofill Profiles", "deleted":"0", "process_failed_to_decrypt":"0", "process_pending_decryption":"0", "process_success":"2", "total":"2"}}
{"logTime": "0422/143715", "correlationVector":"2O+ECo2QIkC6e4ULZv8Iyw.3","action":"ProcessGetUpdates", "result":"Done", "context":{"dataType":"Autofill", "deleted":"0", "process_failed_to_decrypt":"0", "process_pending_decryption":"0", "process_success":"147", "total":"147"}}
{"logTime": "0422/143715", "correlationVector":"2O+ECo2QIkC6e4ULZv8Iyw.4","action":"ProcessGetUpdates", "result":"Done", "context":{"dataType":"Sessions", "deleted":"97", "process_failed_to_decrypt":"0", "process_pending_decryption":"0", "process_success":"97", "total":"97"}}
{"logTime": "0422/143715", "correlationVector":"2O+ECo2QIkC6e4ULZv8Iyw.5","action":"ProcessGetUpdates", "result":"Done", "context":{"dataType":"History Delete Directives", "deleted":"0", "process_failed_to_decrypt":"0", "process_pending_decryption":"0", "process_success":"4", "total":"4"}}
{"logTime": "0422/143715", "correlationVector":"2O+ECo2QIkC6e4ULZv8Iyw.6","action":"GetUpdates Response", "result":"Success", "context":Received 250 update(s). cV=2O+ECo2QIkC6e4ULZv8Iyw.0;server=akswtt10400000g;cloudType=Consumer;environment=Prod_southindia_prod-s01-004-apac-southindia;migrationStage=NotStarted Some updates remain.}
{"logTime": "0422/143715", "correlationVector":"AZVSV15kh+aG4wjjexC22j","action":"Initial GetUpdates", "result":"", "context":Reason: NEWLY_SUPPORTED_DATATYPE. cV=AZVSV15kh+aG4wjjexC22j}
{"logTime": "0422/143716", "correlationVector":"AZVSV15kh+aG4wjjexC22j.1","action":"SyncServerConnectionManagerRequest", "result":"SYNC_SERVER_OK", "context":{"environment":"Prod_southindia_prod-s01-004-apac-southindia", "migrationStage":"NotStarted", "server":"akswtt104000015"}}
{"logTime": "0422/143716", "correlationVector":"AZVSV15kh+aG4wjjexC22j.2","action":"ProcessGetUpdates", "result":"Done", "context":{"dataType":"Autofill Profiles", "deleted":"0", "process_failed_to_decrypt":"0", "process_pending_decryption":"0", "process_success":"2", "total":"2"}}
{"logTime": "0422/143716", "correlationVector":"AZVSV15kh+aG4wjjexC22j.3","action":"ProcessGetUpdates", "result":"Done", "context":{"dataType":"Autofill", "deleted":"0", "process_failed_to_decrypt":"0", "process_pending_decryption":"0", "process_success":"11", "total":"11"}}
{"logTime": "0422/143716", "correlationVector":"AZVSV15kh+aG4wjjexC22j.4","action":"ProcessGetUpdates", "result":"Done", "context":{"dataType":"Sessions", "deleted":"13", "process_failed_to_decrypt":"0", "process_pending_decryption":"0", "process_success":"17", "total":"17"}}
{"logTime": "0422/143716", "correlationVector":"AZVSV15kh+aG4wjjexC22j.5","action":"GetUpdates Response", "result":"Success", "context":Received 30 update(s). cV=AZVSV15kh+aG4wjjexC22j.0;server=akswtt104000015;cloudType=Consumer;environment=Prod_southindia_prod-s01-004-apac-southindia;migrationStage=NotStarted}
{"logTime": "0422/143716", "correlationVector":"oC02ZSUe5m1OT4IPUew75T","action":"Initial GetUpdates", "result":"", "context":Reason: NEWLY_SUPPORTED_DATATYPE. cV=oC02ZSUe5m1OT4IPUew75T}
{"logTime": "0422/143718", "correlationVector":"oC02ZSUe5m1OT4IPUew75T.1","action":"SyncServerConnectionManagerRequest", "result":"SYNC_SERVER_OK", "context":{"environment":"Prod_southindia_prod-s01-004-apac-southindia", "migrationStage":"NotStarted", "server":"akswtt10400000h"}}
{"logTime": "0422/143718", "correlationVector":"oC02ZSUe5m1OT4IPUew75T.2","action":"ProcessGetUpdates", "result":"Done", "context":{"dataType":"History", "deleted":"250", "process_failed_to_decrypt":"0", "process_pending_decryption":"0", "process_success":"250", "total":"250"}}
{"logTime": "0422/143718", "correlationVector":"oC02ZSUe5m1OT4IPUew75T.3","action":"GetUpdates Response", "result":"Success", "context":Received 250 update(s). cV=oC02ZSUe5m1OT4IPUew75T.0;server=akswtt10400000h;cloudType=Consumer;environment=Prod_southindia_prod-s01-004-apac-southindia;migrationStage=NotStarted Some updates remain.}
{"logTime": "0422/143718", "correlationVector":"es0wqnWo627+yGoMNSDYW3","action":"Initial GetUpdates", "result":"", "context":Reason: NEWLY_SUPPORTED_DATATYPE. cV=es0wqnWo627+yGoMNSDYW3}
{"logTime": "0422/143719", "correlationVector":"es0wqnWo627+yGoMNSDYW3.1","action":"SyncServerConnectionManagerRequest", "result":"SYNC_SERVER_OK", "context":{"environment":"Prod_southindia_prod-s01-004-apac-southindia", "migrationStage":"NotStarted", "server":"akswtt104000004"}}
{"logTime": "0422/143719", "correlationVector":"es0wqnWo627+yGoMNSDYW3.2","action":"ProcessGetUpdates", "result":"Done", "context":{"dataType":"History", "deleted":"250", "process_failed_to_decrypt":"0", "process_pending_decryption":"0", "process_success":"250", "total":"250"}}
{"logTime": "0422/143719", "correlationVector":"es0wqnWo627+yGoMNSDYW3.3","action":"GetUpdates Response", "result":"Success", "context":Received 250 update(s). cV=es0wqnWo627+yGoMNSDYW3.0;server=akswtt104000004;cloudType=Consumer;environment=Prod_southindia_prod-s01-004-apac-southindia;migrationStage=NotStarted Some updates remain.}
{"logTime": "0422/143719", "correlationVector":"3IQJ6NKk7aaRASTPSieCp3","action":"Initial GetUpdates", "result":"", "context":Reason: NEWLY_SUPPORTED_DATATYPE. cV=3IQJ6NKk7aaRASTPSieCp3}
{"logTime": "0422/143720", "correlationVector":"3IQJ6NKk7aaRASTPSieCp3.1","action":"SyncServerConnectionManagerRequest", "result":"SYNC_SERVER_OK", "context":{"environment":"Prod_southindia_prod-s01-004-apac-southindia", "migrationStage":"NotStarted", "server":"akswtt10400000k"}}
{"logTime": "0422/143720", "correlationVector":"3IQJ6NKk7aaRASTPSieCp3.2","action":"ProcessGetUpdates", "result":"Done", "context":{"dataType":"History", "deleted":"250", "process_failed_to_decrypt":"0", "process_pending_decryption":"0", "process_success":"250", "total":"250"}}
{"logTime": "0422/143720", "correlationVector":"3IQJ6NKk7aaRASTPSieCp3.3","action":"GetUpdates Response", "result":"Success", "context":Received 250 update(s). cV=3IQJ6NKk7aaRASTPSieCp3.0;server=akswtt10400000k;cloudType=Consumer;environment=Prod_southindia_prod-s01-004-apac-southindia;migrationStage=NotStarted Some updates remain.}
{"logTime": "0422/143720", "correlationVector":"VDvMWH+svIiMUIt0wP4HeN","action":"Initial GetUpdates", "result":"", "context":Reason: NEWLY_SUPPORTED_DATATYPE. cV=VDvMWH+svIiMUIt0wP4HeN}
{"logTime": "0422/143721", "correlationVector":"VDvMWH+svIiMUIt0wP4HeN.1","action":"SyncServerConnectionManagerRequest", "result":"SYNC_SERVER_OK", "context":{"environment":"Prod_southindia_prod-s01-004-apac-southindia", "migrationStage":"NotStarted", "server":"akswtt10400000g"}}
{"logTime": "0422/143721", "correlationVector":"VDvMWH+svIiMUIt0wP4HeN.2","action":"ProcessGetUpdates", "result":"Done", "context":{"dataType":"History", "deleted":"250", "process_failed_to_decrypt":"0", "process_pending_decryption":"0", "process_success":"250", "total":"250"}}
{"logTime": "0422/143721", "correlationVector":"VDvMWH+svIiMUIt0wP4HeN.3","action":"GetUpdates Response", "result":"Success", "context":Received 250 update(s). cV=VDvMWH+svIiMUIt0wP4HeN.0;server=akswtt10400000g;cloudType=Consumer;environment=Prod_southindia_prod-s01-004-apac-southindia;migrationStage=NotStarted Some updates remain.}
{"logTime": "0422/143721", "correlationVector":"L8QbEIPNrF7haqcj4isxM7","action":"Initial GetUpdates", "result":"", "context":Reason: NEWLY_SUPPORTED_DATATYPE. cV=L8QbEIPNrF7haqcj4isxM7}
{"logTime": "0422/143722", "correlationVector":"L8QbEIPNrF7haqcj4isxM7.1","action":"SyncServerConnectionManagerRequest", "result":"SYNC_SERVER_OK", "context":{"environment":"Prod_southindia_prod-s01-004-apac-southindia", "migrationStage":"NotStarted", "server":"akswtt10400000e"}}
{"logTime": "0422/143722", "correlationVector":"L8QbEIPNrF7haqcj4isxM7.2","action":"ProcessGetUpdates", "result":"Done", "context":{"dataType":"History", "deleted":"250", "process_failed_to_decrypt":"0", "process_pending_decryption":"0", "process_success":"250", "total":"250"}}
{"logTime": "0422/143722", "correlationVector":"L8QbEIPNrF7haqcj4isxM7.3","action":"GetUpdates Response", "result":"Success", "context":Received 250 update(s). cV=L8QbEIPNrF7haqcj4isxM7.0;server=akswtt10400000e;cloudType=Consumer;environment=Prod_southindia_prod-s01-004-apac-southindia;migrationStage=NotStarted Some updates remain.}
{"logTime": "0422/143722", "correlationVector":"qFDFmIKfpAaPVqSULGH4H8","action":"Initial GetUpdates", "result":"", "context":Reason: NEWLY_SUPPORTED_DATATYPE. cV=qFDFmIKfpAaPVqSULGH4H8}
{"logTime": "0422/143723", "correlationVector":"qFDFmIKfpAaPVqSULGH4H8.1","action":"SyncServerConnectionManagerRequest", "result":"SYNC_SERVER_OK", "context":{"environment":"Prod_southindia_prod-s01-004-apac-southindia", "migrationStage":"NotStarted", "server":"akswtt104000011"}}
{"logTime": "0422/143723", "correlationVector":"qFDFmIKfpAaPVqSULGH4H8.2","action":"ProcessGetUpdates", "result":"Done", "context":{"dataType":"History", "deleted":"250", "process_failed_to_decrypt":"0", "process_pending_decryption":"0", "process_success":"250", "total":"250"}}
{"logTime": "0422/143723", "correlationVector":"qFDFmIKfpAaPVqSULGH4H8.3","action":"GetUpdates Response", "result":"Success", "context":Received 250 update(s). cV=qFDFmIKfpAaPVqSULGH4H8.0;server=akswtt104000011;cloudType=Consumer;environment=Prod_southindia_prod-s01-004-apac-southindia;migrationStage=NotStarted Some updates remain.}
{"logTime": "0422/143723", "correlationVector":"fSEYK+Ala7WIyKbyYxUx6o","action":"Initial GetUpdates", "result":"", "context":Reason: NEWLY_SUPPORTED_DATATYPE. cV=fSEYK+Ala7WIyKbyYxUx6o}
{"logTime": "0422/143724", "correlationVector":"fSEYK+Ala7WIyKbyYxUx6o.1","action":"SyncServerConnectionManagerRequest", "result":"SYNC_SERVER_OK", "context":{"environment":"Prod_southindia_prod-s01-004-apac-southindia", "migrationStage":"NotStarted", "server":"akswtt104000019"}}
{"logTime": "0422/143724", "correlationVector":"fSEYK+Ala7WIyKbyYxUx6o.2","action":"ProcessGetUpdates", "result":"Done", "context":{"dataType":"History", "deleted":"250", "process_failed_to_decrypt":"0", "process_pending_decryption":"0", "process_success":"250", "total":"250"}}
{"logTime": "0422/143724", "correlationVector":"fSEYK+Ala7WIyKbyYxUx6o.3","action":"GetUpdates Response", "result":"Success", "context":Received 250 update(s). cV=fSEYK+Ala7WIyKbyYxUx6o.0;server=akswtt104000019;cloudType=Consumer;environment=Prod_southindia_prod-s01-004-apac-southindia;migrationStage=NotStarted Some updates remain.}
{"logTime": "0422/143724", "correlationVector":"yJqJfeUVrfz+oa4P8ayYh5","action":"Initial GetUpdates", "result":"", "context":Reason: NEWLY_SUPPORTED_DATATYPE. cV=yJqJfeUVrfz+oa4P8ayYh5}
{"logTime": "0422/143725", "correlationVector":"yJqJfeUVrfz+oa4P8ayYh5.1","action":"SyncServerConnectionManagerRequest", "result":"SYNC_SERVER_OK", "context":{"environment":"Prod_southindia_prod-s01-004-apac-southindia", "migrationStage":"NotStarted", "server":"akswtt104000019"}}
{"logTime": "0422/143725", "correlationVector":"yJqJfeUVrfz+oa4P8ayYh5.2","action":"ProcessGetUpdates", "result":"Done", "context":{"dataType":"History", "deleted":"250", "process_failed_to_decrypt":"0", "process_pending_decryption":"0", "process_success":"250", "total":"250"}}
{"logTime": "0422/143725", "correlationVector":"yJqJfeUVrfz+oa4P8ayYh5.3","action":"GetUpdates Response", "result":"Success", "context":Received 250 update(s). cV=yJqJfeUVrfz+oa4P8ayYh5.0;server=akswtt104000019;cloudType=Consumer;environment=Prod_southindia_prod-s01-004-apac-southindia;migrationStage=NotStarted Some updates remain.}
{"logTime": "0422/143725", "correlationVector":"cBLYiNeKyraxfXRYdPt8gp","action":"Initial GetUpdates", "result":"", "context":Reason: NEWLY_SUPPORTED_DATATYPE. cV=cBLYiNeKyraxfXRYdPt8gp}
{"logTime": "0422/143727", "correlationVector":"cBLYiNeKyraxfXRYdPt8gp.1","action":"SyncServerConnectionManagerRequest", "result":"SYNC_SERVER_OK", "context":{"environment":"Prod_southindia_prod-s01-004-apac-southindia", "migrationStage":"NotStarted", "server":"akswtt10400000j"}}
{"logTime": "0422/143727", "correlationVector":"cBLYiNeKyraxfXRYdPt8gp.2","action":"ProcessGetUpdates", "result":"Done", "context":{"dataType":"History", "deleted":"250", "process_failed_to_decrypt":"0", "process_pending_decryption":"0", "process_success":"250", "total":"250"}}
{"logTime": "0422/143727", "correlationVector":"cBLYiNeKyraxfXRYdPt8gp.3","action":"GetUpdates Response", "result":"Success", "context":Received 250 update(s). cV=cBLYiNeKyraxfXRYdPt8gp.0;server=akswtt10400000j;cloudType=Consumer;environment=Prod_southindia_prod-s01-004-apac-southindia;migrationStage=NotStarted Some updates remain.}
{"logTime": "0422/143727", "correlationVector":"dzqiPmLNpTsfuJKmUJQmK2","action":"Initial GetUpdates", "result":"", "context":Reason: NEWLY_SUPPORTED_DATATYPE. cV=dzqiPmLNpTsfuJKmUJQmK2}
{"logTime": "0422/143728", "correlationVector":"dzqiPmLNpTsfuJKmUJQmK2.1","action":"SyncServerConnectionManagerRequest", "result":"SYNC_SERVER_OK", "context":{"environment":"Prod_southindia_prod-s01-004-apac-southindia", "migrationStage":"NotStarted", "server":"akswtt104000004"}}
{"logTime": "0422/143728", "correlationVector":"dzqiPmLNpTsfuJKmUJQmK2.2","action":"ProcessGetUpdates", "result":"Done", "context":{"dataType":"History", "deleted":"250", "process_failed_to_decrypt":"0", "process_pending_decryption":"0", "process_success":"250", "total":"250"}}
{"logTime": "0422/143728", "correlationVector":"dzqiPmLNpTsfuJKmUJQmK2.3","action":"GetUpdates Response", "result":"Success", "context":Received 250 update(s). cV=dzqiPmLNpTsfuJKmUJQmK2.0;server=akswtt104000004;cloudType=Consumer;environment=Prod_southindia_prod-s01-004-apac-southindia;migrationStage=NotStarted Some updates remain.}
{"logTime": "0422/143728", "correlationVector":"YfMYPUOyPtkSTFMOE5G1m/","action":"Initial GetUpdates", "result":"", "context":Reason: NEWLY_SUPPORTED_DATATYPE. cV=YfMYPUOyPtkSTFMOE5G1m/}
{"logTime": "0422/143730", "correlationVector":"YfMYPUOyPtkSTFMOE5G1m/.1","action":"SyncServerConnectionManagerRequest", "result":"SYNC_SERVER_OK", "context":{"environment":"Prod_southindia_prod-s01-004-apac-southindia", "migrationStage":"NotStarted", "server":"akswtt10400000m"}}
{"logTime": "0422/143730", "correlationVector":"YfMYPUOyPtkSTFMOE5G1m/.2","action":"ProcessGetUpdates", "result":"Done", "context":{"dataType":"History", "deleted":"250", "process_failed_to_decrypt":"0", "process_pending_decryption":"0", "process_success":"250", "total":"250"}}
{"logTime": "0422/143730", "correlationVector":"YfMYPUOyPtkSTFMOE5G1m/.3","action":"GetUpdates Response", "result":"Success", "context":Received 250 update(s). cV=YfMYPUOyPtkSTFMOE5G1m/.0;server=akswtt10400000m;cloudType=Consumer;environment=Prod_southindia_prod-s01-004-apac-southindia;migrationStage=NotStarted Some updates remain.}
{"logTime": "0422/143730", "correlationVector":"0Xfz/Q53Doyd+BgJCdzCyb","action":"Initial GetUpdates", "result":"", "context":Reason: NEWLY_SUPPORTED_DATATYPE. cV=0Xfz/Q53Doyd+BgJCdzCyb}
{"logTime": "0422/143734", "correlationVector":"0Xfz/Q53Doyd+BgJCdzCyb.1","action":"SyncServerConnectionManagerRequest", "result":"SYNC_SERVER_OK", "context":{"environment":"Prod_southindia_prod-s01-004-apac-southindia", "migrationStage":"NotStarted", "server":"akswtt104000011"}}
{"logTime": "0422/143734", "correlationVector":"0Xfz/Q53Doyd+BgJCdzCyb.2","action":"ProcessGetUpdates", "result":"Done", "context":{"dataType":"History", "deleted":"250", "process_failed_to_decrypt":"0", "process_pending_decryption":"0", "process_success":"250", "total":"250"}}
{"logTime": "0422/143734", "correlationVector":"0Xfz/Q53Doyd+BgJCdzCyb.3","action":"GetUpdates Response", "result":"Success", "context":Received 250 update(s). cV=0Xfz/Q53Doyd+BgJCdzCyb.0;server=akswtt104000011;cloudType=Consumer;environment=Prod_southindia_prod-s01-004-apac-southindia;migrationStage=NotStarted Some updates remain.}
{"logTime": "0422/143734", "correlationVector":"qbSudRJUMgyVSqx1kQXLFY","action":"Initial GetUpdates", "result":"", "context":Reason: NEWLY_SUPPORTED_DATATYPE. cV=qbSudRJUMgyVSqx1kQXLFY}
{"logTime": "0422/143736", "correlationVector":"qbSudRJUMgyVSqx1kQXLFY.1","action":"SyncServerConnectionManagerRequest", "result":"SYNC_SERVER_OK", "context":{"environment":"Prod_southindia_prod-s01-004-apac-southindia", "migrationStage":"NotStarted", "server":"akswtt104000007"}}
{"logTime": "0422/143736", "correlationVector":"qbSudRJUMgyVSqx1kQXLFY.2","action":"ProcessGetUpdates", "result":"Done", "context":{"dataType":"History", "deleted":"250", "process_failed_to_decrypt":"0", "process_pending_decryption":"0", "process_success":"250", "total":"250"}}
{"logTime": "0422/143736", "correlationVector":"qbSudRJUMgyVSqx1kQXLFY.3","action":"GetUpdates Response", "result":"Success", "context":Received 250 update(s). cV=qbSudRJUMgyVSqx1kQXLFY.0;server=akswtt104000007;cloudType=Consumer;environment=Prod_southindia_prod-s01-004-apac-southindia;migrationStage=NotStarted Some updates remain.}
{"logTime": "0422/143736", "correlationVector":"/HgbLsIL6xGOlT5Drg8nIC","action":"Initial GetUpdates", "result":"", "context":Reason: NEWLY_SUPPORTED_DATATYPE. cV=/HgbLsIL6xGOlT5Drg8nIC}
{"logTime": "0422/143737", "correlationVector":"/HgbLsIL6xGOlT5Drg8nIC.1","action":"SyncServerConnectionManagerRequest", "result":"SYNC_SERVER_OK", "context":{"environment":"Prod_southindia_prod-s01-004-apac-southindia", "migrationStage":"NotStarted", "server":"akswtt104000011"}}
{"logTime": "0422/143737", "correlationVector":"/HgbLsIL6xGOlT5Drg8nIC.2","action":"ProcessGetUpdates", "result":"Done", "context":{"dataType":"History", "deleted":"202", "process_failed_to_decrypt":"0", "process_pending_decryption":"0", "process_success":"250", "total":"250"}}
{"logTime": "0422/143737", "correlationVector":"/HgbLsIL6xGOlT5Drg8nIC.3","action":"GetUpdates Response", "result":"Success", "context":Received 250 update(s). cV=/HgbLsIL6xGOlT5Drg8nIC.0;server=akswtt104000011;cloudType=Consumer;environment=Prod_southindia_prod-s01-004-apac-southindia;migrationStage=NotStarted Some updates remain.}
{"logTime": "0422/143737", "correlationVector":"DxB6xlk2ZBCFqmsasVhaq2","action":"Initial GetUpdates", "result":"", "context":Reason: NEWLY_SUPPORTED_DATATYPE. cV=DxB6xlk2ZBCFqmsasVhaq2}
{"logTime": "0422/143750", "correlationVector":"DxB6xlk2ZBCFqmsasVhaq2.1","action":"SyncServerConnectionManagerRequest", "result":"SYNC_SERVER_OK", "context":{"environment":"Prod_southindia_prod-s01-004-apac-southindia", "migrationStage":"NotStarted", "server":"akswtt10400000g"}}
{"logTime": "0422/143750", "correlationVector":"DxB6xlk2ZBCFqmsasVhaq2.2","action":"ProcessGetUpdates", "result":"Done", "context":{"dataType":"History", "deleted":"0", "process_failed_to_decrypt":"0", "process_pending_decryption":"0", "process_success":"250", "total":"250"}}
{"logTime": "0422/143750", "correlationVector":"DxB6xlk2ZBCFqmsasVhaq2.3","action":"GetUpdates Response", "result":"Success", "context":Received 250 update(s). cV=DxB6xlk2ZBCFqmsasVhaq2.0;server=akswtt10400000g;cloudType=Consumer;environment=Prod_southindia_prod-s01-004-apac-southindia;migrationStage=NotStarted Some updates remain.}
{"logTime": "0422/143750", "correlationVector":"spN0ihEtz6fq8yczNJWgI/","action":"Initial GetUpdates", "result":"", "context":Reason: NEWLY_SUPPORTED_DATATYPE. cV=spN0ihEtz6fq8yczNJWgI/}
{"logTime": "0422/143802", "correlationVector":"spN0ihEtz6fq8yczNJWgI/.1","action":"SyncServerConnectionManagerRequest", "result":"SYNC_SERVER_OK", "context":{"environment":"Prod_southindia_prod-s01-004-apac-southindia", "migrationStage":"NotStarted", "server":"akswtt104000011"}}
{"logTime": "0422/143802", "correlationVector":"spN0ihEtz6fq8yczNJWgI/.2","action":"ProcessGetUpdates", "result":"Done", "context":{"dataType":"History", "deleted":"0", "process_failed_to_decrypt":"0", "process_pending_decryption":"0", "process_success":"250", "total":"250"}}
{"logTime": "0422/143802", "correlationVector":"spN0ihEtz6fq8yczNJWgI/.3","action":"GetUpdates Response", "result":"Success", "context":Received 250 update(s). cV=spN0ihEtz6fq8yczNJWgI/.0;server=akswtt104000011;cloudType=Consumer;environment=Prod_southindia_prod-s01-004-apac-southindia;migrationStage=NotStarted Some updates remain.}
{"logTime": "0422/143802", "correlationVector":"rAHbEIaXkn/NLpblFL0VaQ","action":"Initial GetUpdates", "result":"", "context":Reason: NEWLY_SUPPORTED_DATATYPE. cV=rAHbEIaXkn/NLpblFL0VaQ}
{"logTime": "0422/143804", "correlationVector":"rAHbEIaXkn/NLpblFL0VaQ.1","action":"SyncServerConnectionManagerRequest", "result":"SYNC_SERVER_OK", "context":{"environment":"Prod_southindia_prod-s01-004-apac-southindia", "migrationStage":"NotStarted", "server":"akswtt104000005"}}
{"logTime": "0422/143804", "correlationVector":"rAHbEIaXkn/NLpblFL0VaQ.2","action":"ProcessGetUpdates", "result":"Done", "context":{"dataType":"History", "deleted":"0", "process_failed_to_decrypt":"0", "process_pending_decryption":"0", "process_success":"211", "total":"211"}}
{"logTime": "0422/143804", "correlationVector":"rAHbEIaXkn/NLpblFL0VaQ.3","action":"GetUpdates Response", "result":"Success", "context":Received 211 update(s). cV=rAHbEIaXkn/NLpblFL0VaQ.0;server=akswtt104000005;cloudType=Consumer;environment=Prod_southindia_prod-s01-004-apac-southindia;migrationStage=NotStarted}
{"logTime": "0422/143804", "correlationVector":"k/W3wfyg1lhQf3kmIf69SI","action":"Normal GetUpdate request", "result":"", "context":cV=k/W3wfyg1lhQf3kmIf69SI
Nudged types: Preferences, Passwords, Sessions, Device Info, User Consents, History
Refresh requested types: Bookmarks, Preferences, Passwords, Autofill Profiles, Autofill, Extensions, Sessions, Extension settings, History Delete Directives, Device Info, User Consents, Send Tab To Self, Web Apps, History, Saved Tab Group, WebAuthn Credentials, Collection, Edge E Drop, Edge Hub App Usage, Edge Wallet, Edge Workspace, Encryption Keys}
{"logTime": "0422/143805", "correlationVector":"k/W3wfyg1lhQf3kmIf69SI.1","action":"SyncServerConnectionManagerRequest", "result":"SYNC_SERVER_OK", "context":{"environment":"Prod_southindia_prod-s01-004-apac-southindia", "migrationStage":"NotStarted", "server":"akswtt10400001e"}}
{"logTime": "0422/143805", "correlationVector":"k/W3wfyg1lhQf3kmIf69SI.2","action":"GetUpdates Response", "result":"Success", "context":Received 0 update(s). cV=k/W3wfyg1lhQf3kmIf69SI.0;server=akswtt10400001e;cloudType=Consumer;environment=Prod_southindia_prod-s01-004-apac-southindia;migrationStage=NotStarted}
{"logTime": "0422/143805", "correlationVector":"0VAt0XzMILVTlpM/Ycmzdb","action":"Commit Request", "result":"", "context":Item count: 40
Contributing types: Passwords}
{"logTime": "0422/143806", "correlationVector":"0VAt0XzMILVTlpM/Ycmzdb","action":"SyncServerConnectionManagerRequest", "result":"CONNECTION_UNAVAILABLE", "context":{"error_type":"net_error_code", "error_value":"-3"}}
{"logTime": "0424/171306", "correlationVector":"Rx9HOjQeXonYWCUuoTEZC2.1","action":"SyncServerConnectionManagerRequest", "result":"SYNC_SERVER_OK", "context":{"environment":"Prod_southindia_prod-s01-004-apac-southindia", "migrationStage":"NotStarted", "server":"akswtt10400000x"}}
{"logTime": "0424/171306", "correlationVector":"Rx9HOjQeXonYWCUuoTEZC2.2","action":"ProcessGetUpdates", "result":"Done", "context":{"dataType":"Encryption Keys", "deleted":"0", "process_failed_to_decrypt":"0", "process_pending_decryption":"0", "process_success":"1", "total":"1"}}
{"logTime": "0424/171312", "correlationVector":"xHLsE22AL9Y4cAwdCdIVLS","action":"SyncServerConnectionManagerRequest", "result":"SYNC_SERVER_OK", "context":{"environment":"", "migrationStage":"", "server":""}}
{"logTime": "0424/171312", "correlationVector":"xHLsE22AL9Y4cAwdCdIVLS.0","action":"EncryptionKeysFetcher.DownloadKeys:", "result":"Success", "context":Key count: 6, Last key timestamp: 2026-04-15T09:13:14Z}
{"logTime": "0424/171312", "correlationVector":"xHLsE22AL9Y4cAwdCdIVLS.1","action":"EncryptionKeysManager::SetEncryptionKeys:", "result":"Success", "context":Key names[6]:[IOgw5majjjTuWXsIij2ZNvi/lg1xaDw8KxHihDS6Am3P4lZtiQFv3hyH+ZWK6jkfDKxo44mGExdlYP5MCiu84A==][2ehQdZje3CtiqlEVfY9oLSlajw/2v39DW4vaO5SRVzErzhqoUWehX6+HoFBy3f08Gxp42v1Ro4a+qWNZxbmEhQ==][n3K28X4nOVhZv12EbyzL2B8k38NowXujV5D3geaCPKUQ92eoRCtw90qv9lYGA7337fFNWIuU+osaU+Or5n/CIQ==][RziG3L16W8HNmuWyZMa68KYsXG0qGJ7GWG1572Nb89elNCFjH96z20q6OLVwmWad7tdvKeWRk1Zd4sWl7l8ewA==][IwtLT+ESNIVyPapIoXUxY5r7dEmAzF5y+XkNHo/FmsaTxV2vc+1cEhUrIy5wic/hkPjuwZWgupxlheeZLXPgDQ==][fT1PS2Drvrxbj0elMdOQuqjnKIUFWOCthupSaKR7NR/hND3V3+en3ebWo3BujJ7pZIuyrDOFtu/9Es1xiemDnw==]}
{"logTime": "0424/171312", "correlationVector":"xHLsE22AL9Y4cAwdCdIVLS.2","action":"EncryptionKeysManager::SetEncryptionKeysWithTimestamps:", "result":"Success", "context":Key timestamps[6]:[2023-03-12T06:35:06Z][2023-09-17T12:55:03Z][2024-05-15T15:27:33Z][2024-11-08T17:18:15Z][2025-10-16T12:41:19Z][2026-04-15T09:13:14Z]}
{"logTime": "0424/171312", "correlationVector":"Rx9HOjQeXonYWCUuoTEZC2","action":"Initial GetUpdates", "result":"", "context":Reason: NEW_CLIENT. cV=Rx9HOjQeXonYWCUuoTEZC2}
{"logTime": "0424/171312", "correlationVector":"Rx9HOjQeXonYWCUuoTEZC2.3","action":"GetUpdates Response", "result":"Success", "context":Received 1 update(s). cV=Rx9HOjQeXonYWCUuoTEZC2.0;server=akswtt10400000x;cloudType=Consumer;environment=Prod_southindia_prod-s01-004-apac-southindia;migrationStage=NotStarted}
{"logTime": "0424/171312", "correlationVector":"mH+YnrP+6gXaoId3rbyZ9I","action":"Initial GetUpdates", "result":"", "context":Reason: NEWLY_SUPPORTED_DATATYPE. cV=mH+YnrP+6gXaoId3rbyZ9I}
{"logTime": "0424/171313", "correlationVector":"mH+YnrP+6gXaoId3rbyZ9I.1","action":"SyncServerConnectionManagerRequest", "result":"SYNC_SERVER_OK", "context":{"environment":"Prod_southindia_prod-s01-004-apac-southindia", "migrationStage":"NotStarted", "server":"akswtt10400000w"}}
{"logTime": "0424/171313", "correlationVector":"mH+YnrP+6gXaoId3rbyZ9I.2","action":"ProcessGetUpdates", "result":"Done", "context":{"dataType":"Passwords", "deleted":"0", "process_failed_to_decrypt":"0", "process_pending_decryption":"0", "process_success":"44", "total":"44"}}
{"logTime": "0424/171313", "correlationVector":"mH+YnrP+6gXaoId3rbyZ9I.3","action":"GetUpdates Response", "result":"Success", "context":Received 44 update(s). cV=mH+YnrP+6gXaoId3rbyZ9I.0;server=akswtt10400000w;cloudType=Consumer;environment=Prod_southindia_prod-s01-004-apac-southindia;migrationStage=NotStarted}
{"logTime": "0424/171313", "correlationVector":"v/xJ/qkTlb4AXxPUTUK3O5","action":"Normal GetUpdate request", "result":"", "context":cV=v/xJ/qkTlb4AXxPUTUK3O5
Nudged types: Preferences, Sessions, Device Info, User Consents, History
Refresh requested types: Bookmarks, Preferences, Passwords, Autofill Profiles, Autofill, Extensions, Sessions, Extension settings, History Delete Directives, Device Info, User Consents, Send Tab To Self, Web Apps, History, Saved Tab Group, WebAuthn Credentials, Collection, Edge E Drop, Edge Hub App Usage, Edge Wallet, Edge Workspace, Encryption Keys}
{"logTime": "0424/171314", "correlationVector":"v/xJ/qkTlb4AXxPUTUK3O5.1","action":"SyncServerConnectionManagerRequest", "result":"SYNC_SERVER_OK", "context":{"environment":"Prod_southindia_prod-s01-004-apac-southindia", "migrationStage":"NotStarted", "server":"akswtt10400001e"}}
{"logTime": "0424/171314", "correlationVector":"v/xJ/qkTlb4AXxPUTUK3O5.2","action":"ProcessGetUpdates", "result":"Done", "context":{"dataType":"Preferences", "deleted":"0", "process_failed_to_decrypt":"0", "process_pending_decryption":"0", "process_success":"5", "total":"5"}}
{"logTime": "0424/171314", "correlationVector":"v/xJ/qkTlb4AXxPUTUK3O5.3","action":"ProcessGetUpdates", "result":"Done", "context":{"dataType":"Autofill", "deleted":"0", "process_failed_to_decrypt":"0", "process_pending_decryption":"0", "process_success":"5", "total":"5"}}
{"logTime": "0424/171314", "correlationVector":"v/xJ/qkTlb4AXxPUTUK3O5.4","action":"ProcessGetUpdates", "result":"Done", "context":{"dataType":"Sessions", "deleted":"7", "process_failed_to_decrypt":"0", "process_pending_decryption":"0", "process_success":"12", "total":"12"}}
{"logTime": "0424/171314", "correlationVector":"v/xJ/qkTlb4AXxPUTUK3O5.5","action":"ProcessGetUpdates", "result":"Done", "context":{"dataType":"Device Info", "deleted":"0", "process_failed_to_decrypt":"0", "process_pending_decryption":"0", "process_success":"2", "total":"2"}}
{"logTime": "0424/171314", "correlationVector":"v/xJ/qkTlb4AXxPUTUK3O5.6","action":"ProcessGetUpdates", "result":"Done", "context":{"dataType":"History", "deleted":"0", "process_failed_to_decrypt":"0", "process_pending_decryption":"0", "process_success":"250", "total":"250"}}
{"logTime": "0424/171314", "correlationVector":"v/xJ/qkTlb4AXxPUTUK3O5.7","action":"GetUpdates Response", "result":"Success", "context":Received 274 update(s). cV=v/xJ/qkTlb4AXxPUTUK3O5.0;server=akswtt10400001e;cloudType=Consumer;environment=Prod_southindia_prod-s01-004-apac-southindia;migrationStage=NotStarted Some updates remain.}
{"logTime": "0424/171314", "correlationVector":"NODkSaAls1Mt4hJTBpJid1","action":"Normal GetUpdate request", "result":"", "context":cV=NODkSaAls1Mt4hJTBpJid1
Nudged types: Preferences, Sessions, Device Info, User Consents, History
Refresh requested types: Bookmarks, Preferences, Passwords, Autofill Profiles, Autofill, Extensions, Sessions, Extension settings, History Delete Directives, Device Info, User Consents, Send Tab To Self, Web Apps, History, Saved Tab Group, WebAuthn Credentials, Collection, Edge E Drop, Edge Hub App Usage, Edge Wallet, Edge Workspace, Encryption Keys}
{"logTime": "0424/171314", "correlationVector":"NODkSaAls1Mt4hJTBpJid1.1","action":"SyncServerConnectionManagerRequest", "result":"SYNC_SERVER_OK", "context":{"environment":"Prod_southindia_prod-s01-004-apac-southindia", "migrationStage":"NotStarted", "server":"akswtt10400000t"}}
{"logTime": "0424/171314", "correlationVector":"NODkSaAls1Mt4hJTBpJid1.2","action":"ProcessGetUpdates", "result":"Done", "context":{"dataType":"History", "deleted":"0", "process_failed_to_decrypt":"0", "process_pending_decryption":"0", "process_success":"93", "total":"93"}}
{"logTime": "0424/171314", "correlationVector":"NODkSaAls1Mt4hJTBpJid1.3","action":"GetUpdates Response", "result":"Success", "context":Received 93 update(s). cV=NODkSaAls1Mt4hJTBpJid1.0;server=akswtt10400000t;cloudType=Consumer;environment=Prod_southindia_prod-s01-004-apac-southindia;migrationStage=NotStarted}
{"logTime": "0424/171314", "correlationVector":"E/JOTVSFOPOK2gAvX61qSH","action":"Commit Request", "result":"", "context":Item count: 5
Contributing types: User Consents, History}
{"logTime": "0424/171315", "correlationVector":"E/JOTVSFOPOK2gAvX61qSH.1","action":"SyncServerConnectionManagerRequest", "result":"SYNC_SERVER_OK", "context":{"environment":"Prod_southindia_prod-s01-004-apac-southindia", "migrationStage":"NotStarted", "server":"akswtt10400000x"}}
{"logTime": "0424/171315", "correlationVector":"E/JOTVSFOPOK2gAvX61qSH.2","action":"Commit Response", "result":"Success", "context":Result: Success. cV=E/JOTVSFOPOK2gAvX61qSH.0;server=akswtt10400000x;cloudType=Consumer;environment=Prod_southindia_prod-s01-004-apac-southindia;migrationStage=NotStarted}
{"logTime": "0424/171315", "correlationVector":"xDXVnCW3NSNRkhatfVpHrW","action":"Commit Request", "result":"", "context":Item count: 4
Contributing types: Sessions, History}
{"logTime": "0424/171316", "correlationVector":"xDXVnCW3NSNRkhatfVpHrW.1","action":"SyncServerConnectionManagerRequest", "result":"SYNC_SERVER_OK", "context":{"environment":"Prod_southindia_prod-s01-004-apac-southindia", "migrationStage":"NotStarted", "server":"akswtt10400000t"}}
{"logTime": "0424/171316", "correlationVector":"xDXVnCW3NSNRkhatfVpHrW.2","action":"Commit Response", "result":"Success", "context":Result: Success. cV=xDXVnCW3NSNRkhatfVpHrW.0;server=akswtt10400000t;cloudType=Consumer;environment=Prod_southindia_prod-s01-004-apac-southindia;migrationStage=NotStarted}
{"logTime": "0424/171316", "correlationVector":"l2z6MtanxeVKmVUPig3U7B","action":"Poll GetUpdate request", "result":"", "context":cV=l2z6MtanxeVKmVUPig3U7B}
{"logTime": "0424/171316", "correlationVector":"l2z6MtanxeVKmVUPig3U7B.1","action":"SyncServerConnectionManagerRequest", "result":"SYNC_SERVER_OK", "context":{"environment":"Prod_southindia_prod-s01-004-apac-southindia", "migrationStage":"NotStarted", "server":"akswtt10400000e"}}
{"logTime": "0424/171316", "correlationVector":"l2z6MtanxeVKmVUPig3U7B.2","action":"ProcessGetUpdates", "result":"Done", "context":{"dataType":"Sessions", "deleted":"0", "process_failed_to_decrypt":"0", "process_pending_decryption":"0", "process_success":"2", "total":"2"}}
{"logTime": "0424/171316", "correlationVector":"l2z6MtanxeVKmVUPig3U7B.3","action":"ProcessGetUpdates", "result":"Done", "context":{"dataType":"History", "deleted":"0", "process_failed_to_decrypt":"0", "process_pending_decryption":"0", "process_success":"5", "total":"5"}}
{"logTime": "0424/171316", "correlationVector":"l2z6MtanxeVKmVUPig3U7B.4","action":"GetUpdates Response", "result":"Success", "context":Received 7 update(s). cV=l2z6MtanxeVKmVUPig3U7B.0;server=akswtt10400000e;cloudType=Consumer;environment=Prod_southindia_prod-s01-004-apac-southindia;migrationStage=NotStarted}
{"logTime": "0424/171415", "correlationVector":"+5De7HnfbauxZVTHm7C+cs","action":"Commit Request", "result":"", "context":Item count: 5
Contributing types: Sessions, History}
{"logTime": "0424/171416", "correlationVector":"+5De7HnfbauxZVTHm7C+cs.1","action":"SyncServerConnectionManagerRequest", "result":"SYNC_SERVER_OK", "context":{"environment":"Prod_southindia_prod-s01-004-apac-southindia", "migrationStage":"NotStarted", "server":"akswtt10400000f"}}
{"logTime": "0424/171416", "correlationVector":"+5De7HnfbauxZVTHm7C+cs.2","action":"Commit Response", "result":"Success", "context":Result: Success. cV=+5De7HnfbauxZVTHm7C+cs.0;server=akswtt10400000f;cloudType=Consumer;environment=Prod_southindia_prod-s01-004-apac-southindia;migrationStage=NotStarted}
{"logTime": "0424/171537", "correlationVector":"YDSHLl0psdTYMwSlk4jAKp","action":"Commit Request", "result":"", "context":Item count: 3
Contributing types: Sessions, History}
{"logTime": "0424/171539", "correlationVector":"YDSHLl0psdTYMwSlk4jAKp.1","action":"SyncServerConnectionManagerRequest", "result":"SYNC_SERVER_OK", "context":{"environment":"Prod_southindia_prod-s01-004-apac-southindia", "migrationStage":"NotStarted", "server":"akswtt10400000f"}}
{"logTime": "0424/171539", "correlationVector":"YDSHLl0psdTYMwSlk4jAKp.2","action":"Commit Response", "result":"Success", "context":Result: Success. cV=YDSHLl0psdTYMwSlk4jAKp.0;server=akswtt10400000f;cloudType=Consumer;environment=Prod_southindia_prod-s01-004-apac-southindia;migrationStage=NotStarted}
{"logTime": "0424/171646", "correlationVector":"lArYgcNvXn5RAChxEzgkLN.1","action":"SyncServerConnectionManagerRequest", "result":"SYNC_SERVER_OK", "context":{"environment":"Prod_southindia_prod-s01-004-apac-southindia", "migrationStage":"NotStarted", "server":"akswtt10400000v"}}
{"logTime": "0424/171646", "correlationVector":"lArYgcNvXn5RAChxEzgkLN.2","action":"ProcessGetUpdates", "result":"Done", "context":{"dataType":"Encryption Keys", "deleted":"0", "process_failed_to_decrypt":"0", "process_pending_decryption":"0", "process_success":"1", "total":"1"}}
{"logTime": "0424/171648", "correlationVector":"PdZzssbZFHOIO9G6Joq5PO","action":"SyncServerConnectionManagerRequest", "result":"SYNC_SERVER_OK", "context":{"environment":"", "migrationStage":"", "server":""}}
{"logTime": "0424/171648", "correlationVector":"PdZzssbZFHOIO9G6Joq5PO.0","action":"EncryptionKeysFetcher.DownloadKeys:", "result":"Success", "context":Key count: 6, Last key timestamp: 2026-04-15T09:13:14Z}
{"logTime": "0424/171648", "correlationVector":"PdZzssbZFHOIO9G6Joq5PO.1","action":"EncryptionKeysManager::SetEncryptionKeys:", "result":"Success", "context":Key names[6]:[IOgw5majjjTuWXsIij2ZNvi/lg1xaDw8KxHihDS6Am3P4lZtiQFv3hyH+ZWK6jkfDKxo44mGExdlYP5MCiu84A==][2ehQdZje3CtiqlEVfY9oLSlajw/2v39DW4vaO5SRVzErzhqoUWehX6+HoFBy3f08Gxp42v1Ro4a+qWNZxbmEhQ==][n3K28X4nOVhZv12EbyzL2B8k38NowXujV5D3geaCPKUQ92eoRCtw90qv9lYGA7337fFNWIuU+osaU+Or5n/CIQ==][RziG3L16W8HNmuWyZMa68KYsXG0qGJ7GWG1572Nb89elNCFjH96z20q6OLVwmWad7tdvKeWRk1Zd4sWl7l8ewA==][IwtLT+ESNIVyPapIoXUxY5r7dEmAzF5y+XkNHo/FmsaTxV2vc+1cEhUrIy5wic/hkPjuwZWgupxlheeZLXPgDQ==][fT1PS2Drvrxbj0elMdOQuqjnKIUFWOCthupSaKR7NR/hND3V3+en3ebWo3BujJ7pZIuyrDOFtu/9Es1xiemDnw==]}
{"logTime": "0424/171648", "correlationVector":"PdZzssbZFHOIO9G6Joq5PO.2","action":"EncryptionKeysManager::SetEncryptionKeysWithTimestamps:", "result":"Success", "context":Key timestamps[6]:[2023-03-12T06:35:06Z][2023-09-17T12:55:03Z][2024-05-15T15:27:33Z][2024-11-08T17:18:15Z][2025-10-16T12:41:19Z][2026-04-15T09:13:14Z]}
{"logTime": "0424/171648", "correlationVector":"lArYgcNvXn5RAChxEzgkLN","action":"Initial GetUpdates", "result":"", "context":Reason: NEW_CLIENT. cV=lArYgcNvXn5RAChxEzgkLN}
{"logTime": "0424/171648", "correlationVector":"lArYgcNvXn5RAChxEzgkLN.3","action":"GetUpdates Response", "result":"Success", "context":Received 1 update(s). cV=lArYgcNvXn5RAChxEzgkLN.0;server=akswtt10400000v;cloudType=Consumer;environment=Prod_southindia_prod-s01-004-apac-southindia;migrationStage=NotStarted}
{"logTime": "0424/171648", "correlationVector":"DnEPLXStMVvPTDrmsYjsuN","action":"Initial GetUpdates", "result":"", "context":Reason: NEWLY_SUPPORTED_DATATYPE. cV=DnEPLXStMVvPTDrmsYjsuN}
{"logTime": "0424/171650", "correlationVector":"DnEPLXStMVvPTDrmsYjsuN.1","action":"SyncServerConnectionManagerRequest", "result":"SYNC_SERVER_OK", "context":{"environment":"Prod_southindia_prod-s01-004-apac-southindia", "migrationStage":"NotStarted", "server":"akswtt10400000k"}}
{"logTime": "0424/171650", "correlationVector":"DnEPLXStMVvPTDrmsYjsuN.2","action":"ProcessGetUpdates", "result":"Done", "context":{"dataType":"Preferences", "deleted":"1", "process_failed_to_decrypt":"0", "process_pending_decryption":"0", "process_success":"78", "total":"78"}}
{"logTime": "0424/171650", "correlationVector":"DnEPLXStMVvPTDrmsYjsuN.3","action":"ProcessGetUpdates", "result":"Done", "context":{"dataType":"Passwords", "deleted":"0", "process_failed_to_decrypt":"0", "process_pending_decryption":"0", "process_success":"44", "total":"44"}}
{"logTime": "0424/171650", "correlationVector":"DnEPLXStMVvPTDrmsYjsuN.4","action":"ProcessGetUpdates", "result":"Done", "context":{"dataType":"Device Info", "deleted":"0", "process_failed_to_decrypt":"0", "process_pending_decryption":"0", "process_success":"7", "total":"7"}}
{"logTime": "0424/171650", "correlationVector":"DnEPLXStMVvPTDrmsYjsuN.5","action":"GetUpdates Response", "result":"Success", "context":Received 129 update(s). cV=DnEPLXStMVvPTDrmsYjsuN.0;server=akswtt10400000k;cloudType=Consumer;environment=Prod_southindia_prod-s01-004-apac-southindia;migrationStage=NotStarted}
{"logTime": "0424/171651", "correlationVector":"ZPTQgDfCxnkbVT/ygMehqC","action":"Initial GetUpdates", "result":"", "context":Reason: NEWLY_SUPPORTED_DATATYPE. cV=ZPTQgDfCxnkbVT/ygMehqC}
{"logTime": "0424/171651", "correlationVector":"ZPTQgDfCxnkbVT/ygMehqC.1","action":"SyncServerConnectionManagerRequest", "result":"SYNC_SERVER_OK", "context":{"environment":"Prod_southindia_prod-s01-004-apac-southindia", "migrationStage":"NotStarted", "server":"akswtt10400001h"}}
{"logTime": "0424/171651", "correlationVector":"ZPTQgDfCxnkbVT/ygMehqC.2","action":"ProcessGetUpdates", "result":"Done", "context":{"dataType":"Bookmarks", "deleted":"0", "process_failed_to_decrypt":"0", "process_pending_decryption":"0", "process_success":"6", "total":"6"}}
{"logTime": "0424/171651", "correlationVector":"ZPTQgDfCxnkbVT/ygMehqC.3","action":"GetUpdates Response", "result":"Success", "context":Received 6 update(s). cV=ZPTQgDfCxnkbVT/ygMehqC.0;server=akswtt10400001h;cloudType=Consumer;environment=Prod_southindia_prod-s01-004-apac-southindia;migrationStage=NotStarted}
{"logTime": "0424/171651", "correlationVector":"vq7fypxRtN6KWiAxd2hiuS","action":"Initial GetUpdates", "result":"", "context":Reason: NEWLY_SUPPORTED_DATATYPE. cV=vq7fypxRtN6KWiAxd2hiuS}
{"logTime": "0424/171653", "correlationVector":"vq7fypxRtN6KWiAxd2hiuS.1","action":"SyncServerConnectionManagerRequest", "result":"SYNC_SERVER_OK", "context":{"environment":"Prod_southindia_prod-s01-004-apac-southindia", "migrationStage":"NotStarted", "server":"akswtt104000014"}}
{"logTime": "0424/171653", "correlationVector":"vq7fypxRtN6KWiAxd2hiuS.2","action":"ProcessGetUpdates", "result":"Done", "context":{"dataType":"Autofill", "deleted":"0", "process_failed_to_decrypt":"0", "process_pending_decryption":"0", "process_success":"1", "total":"1"}}
{"logTime": "0424/171653", "correlationVector":"vq7fypxRtN6KWiAxd2hiuS.3","action":"ProcessGetUpdates", "result":"Done", "context":{"dataType":"Extensions", "deleted":"0", "process_failed_to_decrypt":"0", "process_pending_decryption":"0", "process_success":"1", "total":"1"}}
{"logTime": "0424/171653", "correlationVector":"vq7fypxRtN6KWiAxd2hiuS.4","action":"ProcessGetUpdates", "result":"Done", "context":{"dataType":"Sessions", "deleted":"246", "process_failed_to_decrypt":"0", "process_pending_decryption":"0", "process_success":"246", "total":"246"}}
{"logTime": "0424/171653", "correlationVector":"vq7fypxRtN6KWiAxd2hiuS.5","action":"ProcessGetUpdates", "result":"Done", "context":{"dataType":"Edge Hub App Usage", "deleted":"1", "process_failed_to_decrypt":"0", "process_pending_decryption":"0", "process_success":"2", "total":"2"}}
{"logTime": "0424/171653", "correlationVector":"vq7fypxRtN6KWiAxd2hiuS.6","action":"GetUpdates Response", "result":"Success", "context":Received 250 update(s). cV=vq7fypxRtN6KWiAxd2hiuS.0;server=akswtt104000014;cloudType=Consumer;environment=Prod_southindia_prod-s01-004-apac-southindia;migrationStage=NotStarted Some updates remain.}
{"logTime": "0424/171653", "correlationVector":"7kdP8Bp7WZU4Cz1PcogrnM","action":"Initial GetUpdates", "result":"", "context":Reason: NEWLY_SUPPORTED_DATATYPE. cV=7kdP8Bp7WZU4Cz1PcogrnM}
{"logTime": "0424/171655", "correlationVector":"7kdP8Bp7WZU4Cz1PcogrnM.1","action":"SyncServerConnectionManagerRequest", "result":"SYNC_SERVER_OK", "context":{"environment":"Prod_southindia_prod-s01-004-apac-southindia", "migrationStage":"NotStarted", "server":"akswtt10400000j"}}
{"logTime": "0424/171655", "correlationVector":"7kdP8Bp7WZU4Cz1PcogrnM.2","action":"ProcessGetUpdates", "result":"Done", "context":{"dataType":"Autofill Profiles", "deleted":"0", "process_failed_to_decrypt":"0", "process_pending_decryption":"0", "process_success":"3", "total":"3"}}
{"logTime": "0424/171655", "correlationVector":"7kdP8Bp7WZU4Cz1PcogrnM.3","action":"ProcessGetUpdates", "result":"Done", "context":{"dataType":"Autofill", "deleted":"0", "process_failed_to_decrypt":"0", "process_pending_decryption":"0", "process_success":"3", "total":"3"}}
{"logTime": "0424/171655", "correlationVector":"7kdP8Bp7WZU4Cz1PcogrnM.4","action":"ProcessGetUpdates", "result":"Done", "context":{"dataType":"Sessions", "deleted":"231", "process_failed_to_decrypt":"0", "process_pending_decryption":"0", "process_success":"231", "total":"231"}}
{"logTime": "0424/171655", "correlationVector":"7kdP8Bp7WZU4Cz1PcogrnM.5","action":"ProcessGetUpdates", "result":"Done", "context":{"dataType":"Edge Hub App Usage", "deleted":"2", "process_failed_to_decrypt":"0", "process_pending_decryption":"0", "process_success":"13", "total":"13"}}
{"logTime": "0424/171655", "correlationVector":"7kdP8Bp7WZU4Cz1PcogrnM.6","action":"GetUpdates Response", "result":"Success", "context":Received 250 update(s). cV=7kdP8Bp7WZU4Cz1PcogrnM.0;server=akswtt10400000j;cloudType=Consumer;environment=Prod_southindia_prod-s01-004-apac-southindia;migrationStage=NotStarted Some updates remain.}
{"logTime": "0424/171655", "correlationVector":"G6CKq5+vejy5oVpUnPfdzH","action":"Initial GetUpdates", "result":"", "context":Reason: NEWLY_SUPPORTED_DATATYPE. cV=G6CKq5+vejy5oVpUnPfdzH}
{"logTime": "0424/171656", "correlationVector":"G6CKq5+vejy5oVpUnPfdzH.1","action":"SyncServerConnectionManagerRequest", "result":"SYNC_SERVER_OK", "context":{"environment":"Prod_southindia_prod-s01-004-apac-southindia", "migrationStage":"NotStarted", "server":"akswtt104000014"}}
{"logTime": "0424/171656", "correlationVector":"G6CKq5+vejy5oVpUnPfdzH.2","action":"ProcessGetUpdates", "result":"Done", "context":{"dataType":"Autofill", "deleted":"0", "process_failed_to_decrypt":"0", "process_pending_decryption":"0", "process_success":"146", "total":"146"}}
{"logTime": "0424/171656", "correlationVector":"G6CKq5+vejy5oVpUnPfdzH.3","action":"ProcessGetUpdates", "result":"Done", "context":{"dataType":"Sessions", "deleted":"100", "process_failed_to_decrypt":"0", "process_pending_decryption":"0", "process_success":"100", "total":"100"}}
{"logTime": "0424/171656", "correlationVector":"G6CKq5+vejy5oVpUnPfdzH.4","action":"ProcessGetUpdates", "result":"Done", "context":{"dataType":"History Delete Directives", "deleted":"0", "process_failed_to_decrypt":"0", "process_pending_decryption":"0", "process_success":"4", "total":"4"}}
{"logTime": "0424/171656", "correlationVector":"G6CKq5+vejy5oVpUnPfdzH.5","action":"GetUpdates Response", "result":"Success", "context":Received 250 update(s). cV=G6CKq5+vejy5oVpUnPfdzH.0;server=akswtt104000014;cloudType=Consumer;environment=Prod_southindia_prod-s01-004-apac-southindia;migrationStage=NotStarted Some updates remain.}
{"logTime": "0424/171656", "correlationVector":"6n6sMFY5TjlPW/UiUWX4bJ","action":"Initial GetUpdates", "result":"", "context":Reason: NEWLY_SUPPORTED_DATATYPE. cV=6n6sMFY5TjlPW/UiUWX4bJ}
{"logTime": "0424/171657", "correlationVector":"6n6sMFY5TjlPW/UiUWX4bJ.1","action":"SyncServerConnectionManagerRequest", "result":"SYNC_SERVER_OK", "context":{"environment":"Prod_southindia_prod-s01-004-apac-southindia", "migrationStage":"NotStarted", "server":"akswtt104000014"}}
{"logTime": "0424/171657", "correlationVector":"6n6sMFY5TjlPW/UiUWX4bJ.2","action":"ProcessGetUpdates", "result":"Done", "context":{"dataType":"Autofill Profiles", "deleted":"0", "process_failed_to_decrypt":"0", "process_pending_decryption":"0", "process_success":"2", "total":"2"}}
{"logTime": "0424/171657", "correlationVector":"6n6sMFY5TjlPW/UiUWX4bJ.3","action":"ProcessGetUpdates", "result":"Done", "context":{"dataType":"Autofill", "deleted":"0", "process_failed_to_decrypt":"0", "process_pending_decryption":"0", "process_success":"10", "total":"10"}}
{"logTime": "0424/171657", "correlationVector":"6n6sMFY5TjlPW/UiUWX4bJ.4","action":"ProcessGetUpdates", "result":"Done", "context":{"dataType":"Sessions", "deleted":"17", "process_failed_to_decrypt":"0", "process_pending_decryption":"0", "process_success":"25", "total":"25"}}
{"logTime": "0424/171657", "correlationVector":"6n6sMFY5TjlPW/UiUWX4bJ.5","action":"GetUpdates Response", "result":"Success", "context":Received 37 update(s). cV=6n6sMFY5TjlPW/UiUWX4bJ.0;server=akswtt104000014;cloudType=Consumer;environment=Prod_southindia_prod-s01-004-apac-southindia;migrationStage=NotStarted}
{"logTime": "0424/171657", "correlationVector":"BGCCQnQynH70k04pSAYZdb","action":"Initial GetUpdates", "result":"", "context":Reason: NEWLY_SUPPORTED_DATATYPE. cV=BGCCQnQynH70k04pSAYZdb}
{"logTime": "0424/171700", "correlationVector":"BGCCQnQynH70k04pSAYZdb.1","action":"SyncServerConnectionManagerRequest", "result":"SYNC_SERVER_OK", "context":{"environment":"Prod_southindia_prod-s01-004-apac-southindia", "migrationStage":"NotStarted", "server":"akswtt10400000h"}}
{"logTime": "0424/171700", "correlationVector":"BGCCQnQynH70k04pSAYZdb.2","action":"ProcessGetUpdates", "result":"Done", "context":{"dataType":"History", "deleted":"250", "process_failed_to_decrypt":"0", "process_pending_decryption":"0", "process_success":"250", "total":"250"}}
{"logTime": "0424/171700", "correlationVector":"BGCCQnQynH70k04pSAYZdb.3","action":"GetUpdates Response", "result":"Success", "context":Received 250 update(s). cV=BGCCQnQynH70k04pSAYZdb.0;server=akswtt10400000h;cloudType=Consumer;environment=Prod_southindia_prod-s01-004-apac-southindia;migrationStage=NotStarted Some updates remain.}
{"logTime": "0424/171700", "correlationVector":"JHutXUUD0IvtNVtOb53anJ","action":"Initial GetUpdates", "result":"", "context":Reason: NEWLY_SUPPORTED_DATATYPE. cV=JHutXUUD0IvtNVtOb53anJ}
{"logTime": "0424/171701", "correlationVector":"JHutXUUD0IvtNVtOb53anJ.1","action":"SyncServerConnectionManagerRequest", "result":"SYNC_SERVER_OK", "context":{"environment":"Prod_southindia_prod-s01-004-apac-southindia", "migrationStage":"NotStarted", "server":"akswtt10400000c"}}
{"logTime": "0424/171701", "correlationVector":"JHutXUUD0IvtNVtOb53anJ.2","action":"ProcessGetUpdates", "result":"Done", "context":{"dataType":"History", "deleted":"250", "process_failed_to_decrypt":"0", "process_pending_decryption":"0", "process_success":"250", "total":"250"}}
{"logTime": "0424/171701", "correlationVector":"JHutXUUD0IvtNVtOb53anJ.3","action":"GetUpdates Response", "result":"Success", "context":Received 250 update(s). cV=JHutXUUD0IvtNVtOb53anJ.0;server=akswtt10400000c;cloudType=Consumer;environment=Prod_southindia_prod-s01-004-apac-southindia;migrationStage=NotStarted Some updates remain.}
{"logTime": "0424/171701", "correlationVector":"ix0i7lvW/l/VXUglE0EU+r","action":"Initial GetUpdates", "result":"", "context":Reason: NEWLY_SUPPORTED_DATATYPE. cV=ix0i7lvW/l/VXUglE0EU+r}
{"logTime": "0424/171703", "correlationVector":"ix0i7lvW/l/VXUglE0EU+r.1","action":"SyncServerConnectionManagerRequest", "result":"SYNC_SERVER_OK", "context":{"environment":"Prod_southindia_prod-s01-004-apac-southindia", "migrationStage":"NotStarted", "server":"akswtt10400000l"}}
{"logTime": "0424/171703", "correlationVector":"ix0i7lvW/l/VXUglE0EU+r.2","action":"ProcessGetUpdates", "result":"Done", "context":{"dataType":"History", "deleted":"250", "process_failed_to_decrypt":"0", "process_pending_decryption":"0", "process_success":"250", "total":"250"}}
{"logTime": "0424/171703", "correlationVector":"ix0i7lvW/l/VXUglE0EU+r.3","action":"GetUpdates Response", "result":"Success", "context":Received 250 update(s). cV=ix0i7lvW/l/VXUglE0EU+r.0;server=akswtt10400000l;cloudType=Consumer;environment=Prod_southindia_prod-s01-004-apac-southindia;migrationStage=NotStarted Some updates remain.}
{"logTime": "0424/171703", "correlationVector":"x+OHenvAQ0RBpvnLnsxIUx","action":"Initial GetUpdates", "result":"", "context":Reason: NEWLY_SUPPORTED_DATATYPE. cV=x+OHenvAQ0RBpvnLnsxIUx}
{"logTime": "0424/171704", "correlationVector":"x+OHenvAQ0RBpvnLnsxIUx.1","action":"SyncServerConnectionManagerRequest", "result":"SYNC_SERVER_OK", "context":{"environment":"Prod_southindia_prod-s01-004-apac-southindia", "migrationStage":"NotStarted", "server":"akswtt104000008"}}
{"logTime": "0424/171704", "correlationVector":"x+OHenvAQ0RBpvnLnsxIUx.2","action":"ProcessGetUpdates", "result":"Done", "context":{"dataType":"History", "deleted":"250", "process_failed_to_decrypt":"0", "process_pending_decryption":"0", "process_success":"250", "total":"250"}}
{"logTime": "0424/171704", "correlationVector":"x+OHenvAQ0RBpvnLnsxIUx.3","action":"GetUpdates Response", "result":"Success", "context":Received 250 update(s). cV=x+OHenvAQ0RBpvnLnsxIUx.0;server=akswtt104000008;cloudType=Consumer;environment=Prod_southindia_prod-s01-004-apac-southindia;migrationStage=NotStarted Some updates remain.}
{"logTime": "0424/171704", "correlationVector":"HaXbBWhVGvkv5aOeTOiZUd","action":"Initial GetUpdates", "result":"", "context":Reason: NEWLY_SUPPORTED_DATATYPE. cV=HaXbBWhVGvkv5aOeTOiZUd}
{"logTime": "0424/171706", "correlationVector":"HaXbBWhVGvkv5aOeTOiZUd.1","action":"SyncServerConnectionManagerRequest", "result":"SYNC_SERVER_OK", "context":{"environment":"Prod_southindia_prod-s01-004-apac-southindia", "migrationStage":"NotStarted", "server":"akswtt10400000b"}}
{"logTime": "0424/171706", "correlationVector":"HaXbBWhVGvkv5aOeTOiZUd.2","action":"ProcessGetUpdates", "result":"Done", "context":{"dataType":"History", "deleted":"250", "process_failed_to_decrypt":"0", "process_pending_decryption":"0", "process_success":"250", "total":"250"}}
{"logTime": "0424/171706", "correlationVector":"HaXbBWhVGvkv5aOeTOiZUd.3","action":"GetUpdates Response", "result":"Success", "context":Received 250 update(s). cV=HaXbBWhVGvkv5aOeTOiZUd.0;server=akswtt10400000b;cloudType=Consumer;environment=Prod_southindia_prod-s01-004-apac-southindia;migrationStage=NotStarted Some updates remain.}
{"logTime": "0424/171706", "correlationVector":"n8LFELvW7Q3dyyHbPhlHuN","action":"Initial GetUpdates", "result":"", "context":Reason: NEWLY_SUPPORTED_DATATYPE. cV=n8LFELvW7Q3dyyHbPhlHuN}
{"logTime": "0424/171707", "correlationVector":"n8LFELvW7Q3dyyHbPhlHuN.1","action":"SyncServerConnectionManagerRequest", "result":"SYNC_SERVER_OK", "context":{"environment":"Prod_southindia_prod-s01-004-apac-southindia", "migrationStage":"NotStarted", "server":"akswtt10400000a"}}
{"logTime": "0424/171707", "correlationVector":"n8LFELvW7Q3dyyHbPhlHuN.2","action":"ProcessGetUpdates", "result":"Done", "context":{"dataType":"History", "deleted":"250", "process_failed_to_decrypt":"0", "process_pending_decryption":"0", "process_success":"250", "total":"250"}}
{"logTime": "0424/171707", "correlationVector":"n8LFELvW7Q3dyyHbPhlHuN.3","action":"GetUpdates Response", "result":"Success", "context":Received 250 update(s). cV=n8LFELvW7Q3dyyHbPhlHuN.0;server=akswtt10400000a;cloudType=Consumer;environment=Prod_southindia_prod-s01-004-apac-southindia;migrationStage=NotStarted Some updates remain.}
{"logTime": "0424/171707", "correlationVector":"M/bK/IqUkykQWYvuseC7sH","action":"Initial GetUpdates", "result":"", "context":Reason: NEWLY_SUPPORTED_DATATYPE. cV=M/bK/IqUkykQWYvuseC7sH}
{"logTime": "0424/171709", "correlationVector":"M/bK/IqUkykQWYvuseC7sH.1","action":"SyncServerConnectionManagerRequest", "result":"SYNC_SERVER_OK", "context":{"environment":"Prod_southindia_prod-s01-004-apac-southindia", "migrationStage":"NotStarted", "server":"akswtt10400000h"}}
{"logTime": "0424/171709", "correlationVector":"M/bK/IqUkykQWYvuseC7sH.2","action":"ProcessGetUpdates", "result":"Done", "context":{"dataType":"History", "deleted":"250", "process_failed_to_decrypt":"0", "process_pending_decryption":"0", "process_success":"250", "total":"250"}}
{"logTime": "0424/171709", "correlationVector":"M/bK/IqUkykQWYvuseC7sH.3","action":"GetUpdates Response", "result":"Success", "context":Received 250 update(s). cV=M/bK/IqUkykQWYvuseC7sH.0;server=akswtt10400000h;cloudType=Consumer;environment=Prod_southindia_prod-s01-004-apac-southindia;migrationStage=NotStarted Some updates remain.}
{"logTime": "0424/171709", "correlationVector":"gHifx9+EvV+7C8dYfFNaQk","action":"Initial GetUpdates", "result":"", "context":Reason: NEWLY_SUPPORTED_DATATYPE. cV=gHifx9+EvV+7C8dYfFNaQk}
{"logTime": "0424/171710", "correlationVector":"gHifx9+EvV+7C8dYfFNaQk.1","action":"SyncServerConnectionManagerRequest", "result":"SYNC_SERVER_OK", "context":{"environment":"Prod_southindia_prod-s01-004-apac-southindia", "migrationStage":"NotStarted", "server":"akswtt10400000l"}}
{"logTime": "0424/171710", "correlationVector":"gHifx9+EvV+7C8dYfFNaQk.2","action":"ProcessGetUpdates", "result":"Done", "context":{"dataType":"History", "deleted":"250", "process_failed_to_decrypt":"0", "process_pending_decryption":"0", "process_success":"250", "total":"250"}}
{"logTime": "0424/171710", "correlationVector":"gHifx9+EvV+7C8dYfFNaQk.3","action":"GetUpdates Response", "result":"Success", "context":Received 250 update(s). cV=gHifx9+EvV+7C8dYfFNaQk.0;server=akswtt10400000l;cloudType=Consumer;environment=Prod_southindia_prod-s01-004-apac-southindia;migrationStage=NotStarted Some updates remain.}
{"logTime": "0424/171710", "correlationVector":"pSZ4fS1o0Ey5dNAZSdBe+y","action":"Initial GetUpdates", "result":"", "context":Reason: NEWLY_SUPPORTED_DATATYPE. cV=pSZ4fS1o0Ey5dNAZSdBe+y}
{"logTime": "0424/171712", "correlationVector":"pSZ4fS1o0Ey5dNAZSdBe+y.1","action":"SyncServerConnectionManagerRequest", "result":"SYNC_SERVER_OK", "context":{"environment":"Prod_southindia_prod-s01-004-apac-southindia", "migrationStage":"NotStarted", "server":"akswtt104000014"}}
{"logTime": "0424/171712", "correlationVector":"pSZ4fS1o0Ey5dNAZSdBe+y.2","action":"ProcessGetUpdates", "result":"Done", "context":{"dataType":"History", "deleted":"250", "process_failed_to_decrypt":"0", "process_pending_decryption":"0", "process_success":"250", "total":"250"}}
{"logTime": "0424/171712", "correlationVector":"pSZ4fS1o0Ey5dNAZSdBe+y.3","action":"GetUpdates Response", "result":"Success", "context":Received 250 update(s). cV=pSZ4fS1o0Ey5dNAZSdBe+y.0;server=akswtt104000014;cloudType=Consumer;environment=Prod_southindia_prod-s01-004-apac-southindia;migrationStage=NotStarted Some updates remain.}
{"logTime": "0424/171712", "correlationVector":"3WXgL2ZijtPjhLfE7510WU","action":"Initial GetUpdates", "result":"", "context":Reason: NEWLY_SUPPORTED_DATATYPE. cV=3WXgL2ZijtPjhLfE7510WU}
{"logTime": "0424/171714", "correlationVector":"3WXgL2ZijtPjhLfE7510WU.1","action":"SyncServerConnectionManagerRequest", "result":"SYNC_SERVER_OK", "context":{"environment":"Prod_southindia_prod-s01-004-apac-southindia", "migrationStage":"NotStarted", "server":"akswtt10400000f"}}
{"logTime": "0424/171714", "correlationVector":"3WXgL2ZijtPjhLfE7510WU.2","action":"ProcessGetUpdates", "result":"Done", "context":{"dataType":"History", "deleted":"250", "process_failed_to_decrypt":"0", "process_pending_decryption":"0", "process_success":"250", "total":"250"}}
{"logTime": "0424/171714", "correlationVector":"3WXgL2ZijtPjhLfE7510WU.3","action":"GetUpdates Response", "result":"Success", "context":Received 250 update(s). cV=3WXgL2ZijtPjhLfE7510WU.0;server=akswtt10400000f;cloudType=Consumer;environment=Prod_southindia_prod-s01-004-apac-southindia;migrationStage=NotStarted Some updates remain.}
{"logTime": "0424/171714", "correlationVector":"Kfx2ofj4Yooo43mXPtHfKy","action":"Initial GetUpdates", "result":"", "context":Reason: NEWLY_SUPPORTED_DATATYPE. cV=Kfx2ofj4Yooo43mXPtHfKy}
{"logTime": "0424/171715", "correlationVector":"Kfx2ofj4Yooo43mXPtHfKy.1","action":"SyncServerConnectionManagerRequest", "result":"SYNC_SERVER_OK", "context":{"environment":"Prod_southindia_prod-s01-004-apac-southindia", "migrationStage":"NotStarted", "server":"akswtt104000005"}}
{"logTime": "0424/171715", "correlationVector":"Kfx2ofj4Yooo43mXPtHfKy.2","action":"ProcessGetUpdates", "result":"Done", "context":{"dataType":"History", "deleted":"250", "process_failed_to_decrypt":"0", "process_pending_decryption":"0", "process_success":"250", "total":"250"}}
{"logTime": "0424/171715", "correlationVector":"Kfx2ofj4Yooo43mXPtHfKy.3","action":"GetUpdates Response", "result":"Success", "context":Received 250 update(s). cV=Kfx2ofj4Yooo43mXPtHfKy.0;server=akswtt104000005;cloudType=Consumer;environment=Prod_southindia_prod-s01-004-apac-southindia;migrationStage=NotStarted Some updates remain.}
{"logTime": "0424/171715", "correlationVector":"tsN2wqz7AeihstXAKkZwzO","action":"Initial GetUpdates", "result":"", "context":Reason: NEWLY_SUPPORTED_DATATYPE. cV=tsN2wqz7AeihstXAKkZwzO}
{"logTime": "0424/171717", "correlationVector":"tsN2wqz7AeihstXAKkZwzO.1","action":"SyncServerConnectionManagerRequest", "result":"SYNC_SERVER_OK", "context":{"environment":"Prod_southindia_prod-s01-004-apac-southindia", "migrationStage":"NotStarted", "server":"akswtt104000015"}}
{"logTime": "0424/171717", "correlationVector":"tsN2wqz7AeihstXAKkZwzO.2","action":"ProcessGetUpdates", "result":"Done", "context":{"dataType":"History", "deleted":"250", "process_failed_to_decrypt":"0", "process_pending_decryption":"0", "process_success":"250", "total":"250"}}
{"logTime": "0424/171717", "correlationVector":"tsN2wqz7AeihstXAKkZwzO.3","action":"GetUpdates Response", "result":"Success", "context":Received 250 update(s). cV=tsN2wqz7AeihstXAKkZwzO.0;server=akswtt104000015;cloudType=Consumer;environment=Prod_southindia_prod-s01-004-apac-southindia;migrationStage=NotStarted Some updates remain.}
{"logTime": "0424/171717", "correlationVector":"m/+4edRvKce5Xw/8SbHpr8","action":"Initial GetUpdates", "result":"", "context":Reason: NEWLY_SUPPORTED_DATATYPE. cV=m/+4edRvKce5Xw/8SbHpr8}
{"logTime": "0424/171719", "correlationVector":"m/+4edRvKce5Xw/8SbHpr8.1","action":"SyncServerConnectionManagerRequest", "result":"SYNC_SERVER_OK", "context":{"environment":"Prod_southindia_prod-s01-004-apac-southindia", "migrationStage":"NotStarted", "server":"akswtt104000011"}}
{"logTime": "0424/171719", "correlationVector":"m/+4edRvKce5Xw/8SbHpr8.2","action":"ProcessGetUpdates", "result":"Done", "context":{"dataType":"History", "deleted":"250", "process_failed_to_decrypt":"0", "process_pending_decryption":"0", "process_success":"250", "total":"250"}}
{"logTime": "0424/171719", "correlationVector":"m/+4edRvKce5Xw/8SbHpr8.3","action":"GetUpdates Response", "result":"Success", "context":Received 250 update(s). cV=m/+4edRvKce5Xw/8SbHpr8.0;server=akswtt104000011;cloudType=Consumer;environment=Prod_southindia_prod-s01-004-apac-southindia;migrationStage=NotStarted Some updates remain.}
{"logTime": "0424/171719", "correlationVector":"4hN9Qq0ZSPFQOyuqMGqnjh","action":"Initial GetUpdates", "result":"", "context":Reason: NEWLY_SUPPORTED_DATATYPE. cV=4hN9Qq0ZSPFQOyuqMGqnjh}
{"logTime": "0424/171721", "correlationVector":"4hN9Qq0ZSPFQOyuqMGqnjh.1","action":"SyncServerConnectionManagerRequest", "result":"SYNC_SERVER_OK", "context":{"environment":"Prod_southindia_prod-s01-004-apac-southindia", "migrationStage":"NotStarted", "server":"akswtt104000001"}}
{"logTime": "0424/171721", "correlationVector":"4hN9Qq0ZSPFQOyuqMGqnjh.2","action":"ProcessGetUpdates", "result":"Done", "context":{"dataType":"History", "deleted":"202", "process_failed_to_decrypt":"0", "process_pending_decryption":"0", "process_success":"250", "total":"250"}}
{"logTime": "0424/171721", "correlationVector":"4hN9Qq0ZSPFQOyuqMGqnjh.3","action":"GetUpdates Response", "result":"Success", "context":Received 250 update(s). cV=4hN9Qq0ZSPFQOyuqMGqnjh.0;server=akswtt104000001;cloudType=Consumer;environment=Prod_southindia_prod-s01-004-apac-southindia;migrationStage=NotStarted Some updates remain.}
{"logTime": "0424/171721", "correlationVector":"4I3kAO36Vg3Dya9kuuDuCj","action":"Initial GetUpdates", "result":"", "context":Reason: NEWLY_SUPPORTED_DATATYPE. cV=4I3kAO36Vg3Dya9kuuDuCj}
{"logTime": "0424/171734", "correlationVector":"4I3kAO36Vg3Dya9kuuDuCj.1","action":"SyncServerConnectionManagerRequest", "result":"SYNC_SERVER_OK", "context":{"environment":"Prod_southindia_prod-s01-004-apac-southindia", "migrationStage":"NotStarted", "server":"akswtt104000014"}}
{"logTime": "0424/171734", "correlationVector":"4I3kAO36Vg3Dya9kuuDuCj.2","action":"ProcessGetUpdates", "result":"Done", "context":{"dataType":"History", "deleted":"0", "process_failed_to_decrypt":"0", "process_pending_decryption":"0", "process_success":"250", "total":"250"}}
{"logTime": "0424/171734", "correlationVector":"4I3kAO36Vg3Dya9kuuDuCj.3","action":"GetUpdates Response", "result":"Success", "context":Received 250 update(s). cV=4I3kAO36Vg3Dya9kuuDuCj.0;server=akswtt104000014;cloudType=Consumer;environment=Prod_southindia_prod-s01-004-apac-southindia;migrationStage=NotStarted Some updates remain.}
{"logTime": "0424/171734", "correlationVector":"paP50ZLsylJLzoIXYu/eIN","action":"Initial GetUpdates", "result":"", "context":Reason: NEWLY_SUPPORTED_DATATYPE. cV=paP50ZLsylJLzoIXYu/eIN}
{"logTime": "0424/171738", "correlationVector":"paP50ZLsylJLzoIXYu/eIN.1","action":"SyncServerConnectionManagerRequest", "result":"SYNC_SERVER_OK", "context":{"environment":"Prod_southindia_prod-s01-004-apac-southindia", "migrationStage":"NotStarted", "server":"akswtt10400000w"}}
{"logTime": "0424/171738", "correlationVector":"paP50ZLsylJLzoIXYu/eIN.2","action":"ProcessGetUpdates", "result":"Done", "context":{"dataType":"History", "deleted":"0", "process_failed_to_decrypt":"0", "process_pending_decryption":"0", "process_success":"250", "total":"250"}}
{"logTime": "0424/171738", "correlationVector":"paP50ZLsylJLzoIXYu/eIN.3","action":"GetUpdates Response", "result":"Success", "context":Received 250 update(s). cV=paP50ZLsylJLzoIXYu/eIN.0;server=akswtt10400000w;cloudType=Consumer;environment=Prod_southindia_prod-s01-004-apac-southindia;migrationStage=NotStarted Some updates remain.}
{"logTime": "0424/171738", "correlationVector":"mcBxdJohqhXIUyF3iyIy1O","action":"Initial GetUpdates", "result":"", "context":Reason: NEWLY_SUPPORTED_DATATYPE. cV=mcBxdJohqhXIUyF3iyIy1O}
{"logTime": "0424/171741", "correlationVector":"mcBxdJohqhXIUyF3iyIy1O.1","action":"SyncServerConnectionManagerRequest", "result":"SYNC_SERVER_OK", "context":{"environment":"Prod_southindia_prod-s01-004-apac-southindia", "migrationStage":"NotStarted", "server":"akswtt10400000h"}}
{"logTime": "0424/171741", "correlationVector":"mcBxdJohqhXIUyF3iyIy1O.2","action":"ProcessGetUpdates", "result":"Done", "context":{"dataType":"History", "deleted":"0", "process_failed_to_decrypt":"0", "process_pending_decryption":"0", "process_success":"250", "total":"250"}}
{"logTime": "0424/171741", "correlationVector":"mcBxdJohqhXIUyF3iyIy1O.3","action":"GetUpdates Response", "result":"Success", "context":Received 250 update(s). cV=mcBxdJohqhXIUyF3iyIy1O.0;server=akswtt10400000h;cloudType=Consumer;environment=Prod_southindia_prod-s01-004-apac-southindia;migrationStage=NotStarted Some updates remain.}
{"logTime": "0424/171741", "correlationVector":"O+KnOhEqzJ/z75csvOtw/7","action":"Initial GetUpdates", "result":"", "context":Reason: NEWLY_SUPPORTED_DATATYPE. cV=O+KnOhEqzJ/z75csvOtw/7}
{"logTime": "0424/171743", "correlationVector":"O+KnOhEqzJ/z75csvOtw/7.1","action":"SyncServerConnectionManagerRequest", "result":"SYNC_SERVER_OK", "context":{"environment":"Prod_southindia_prod-s01-004-apac-southindia", "migrationStage":"NotStarted", "server":"akswtt104000015"}}
{"logTime": "0424/171743", "correlationVector":"O+KnOhEqzJ/z75csvOtw/7.2","action":"ProcessGetUpdates", "result":"Done", "context":{"dataType":"History", "deleted":"0", "process_failed_to_decrypt":"0", "process_pending_decryption":"0", "process_success":"250", "total":"250"}}
{"logTime": "0424/171743", "correlationVector":"O+KnOhEqzJ/z75csvOtw/7.3","action":"GetUpdates Response", "result":"Success", "context":Received 250 update(s). cV=O+KnOhEqzJ/z75csvOtw/7.0;server=akswtt104000015;cloudType=Consumer;environment=Prod_southindia_prod-s01-004-apac-southindia;migrationStage=NotStarted Some updates remain.}
{"logTime": "0424/171743", "correlationVector":"58F9+eGAm9qxLP0Y/+C8U1","action":"Initial GetUpdates", "result":"", "context":Reason: NEWLY_SUPPORTED_DATATYPE. cV=58F9+eGAm9qxLP0Y/+C8U1}
{"logTime": "0424/171744", "correlationVector":"58F9+eGAm9qxLP0Y/+C8U1.1","action":"SyncServerConnectionManagerRequest", "result":"SYNC_SERVER_OK", "context":{"environment":"Prod_southindia_prod-s01-004-apac-southindia", "migrationStage":"NotStarted", "server":"akswtt10400000r"}}
{"logTime": "0424/171744", "correlationVector":"58F9+eGAm9qxLP0Y/+C8U1.2","action":"ProcessGetUpdates", "result":"Done", "context":{"dataType":"History", "deleted":"0", "process_failed_to_decrypt":"0", "process_pending_decryption":"0", "process_success":"9", "total":"9"}}
{"logTime": "0424/171744", "correlationVector":"58F9+eGAm9qxLP0Y/+C8U1.3","action":"GetUpdates Response", "result":"Success", "context":Received 9 update(s). cV=58F9+eGAm9qxLP0Y/+C8U1.0;server=akswtt10400000r;cloudType=Consumer;environment=Prod_southindia_prod-s01-004-apac-southindia;migrationStage=NotStarted}
{"logTime": "0424/171744", "correlationVector":"DpUHfjAriLOuXzNxQKOIJ+","action":"Normal GetUpdate request", "result":"", "context":cV=DpUHfjAriLOuXzNxQKOIJ+
Nudged types: Sessions, Device Info, History
Refresh requested types: Bookmarks, Preferences, Passwords, Autofill Profiles, Autofill, Extensions, Sessions, Extension settings, History Delete Directives, Device Info, User Consents, Send Tab To Self, Web Apps, History, Saved Tab Group, WebAuthn Credentials, Collection, Edge E Drop, Edge Hub App Usage, Edge Wallet, Edge Workspace, Encryption Keys}
{"logTime": "0424/171744", "correlationVector":"DpUHfjAriLOuXzNxQKOIJ+.1","action":"SyncServerConnectionManagerRequest", "result":"SYNC_SERVER_OK", "context":{"environment":"Prod_southindia_prod-s01-004-apac-southindia", "migrationStage":"NotStarted", "server":"akswtt104000001"}}
{"logTime": "0424/171744", "correlationVector":"DpUHfjAriLOuXzNxQKOIJ+.2","action":"GetUpdates Response", "result":"Success", "context":Received 0 update(s). cV=DpUHfjAriLOuXzNxQKOIJ+.0;server=akswtt104000001;cloudType=Consumer;environment=Prod_southindia_prod-s01-004-apac-southindia;migrationStage=NotStarted}
{"logTime": "0424/171744", "correlationVector":"0VS7Jgaf8944DvChXBke/C","action":"Commit Request", "result":"", "context":Item count: 5
Contributing types: Sessions, Device Info, History}
{"logTime": "0424/171746", "correlationVector":"0VS7Jgaf8944DvChXBke/C.1","action":"SyncServerConnectionManagerRequest", "result":"SYNC_SERVER_OK", "context":{"environment":"Prod_southindia_prod-s01-004-apac-southindia", "migrationStage":"NotStarted", "server":"akswtt10400000t"}}
{"logTime": "0424/171746", "correlationVector":"0VS7Jgaf8944DvChXBke/C.2","action":"Commit Response", "result":"Success", "context":Result: Success. cV=0VS7Jgaf8944DvChXBke/C.0;server=akswtt10400000t;cloudType=Consumer;environment=Prod_southindia_prod-s01-004-apac-southindia;migrationStage=NotStarted}
