2026-04-22 14:36:44.486: [INFO][Sync] Reset engine, reason: 8
2026-04-22 14:36:44.486: [INFO][Sync] Stopped: Bookmarks
2026-04-22 14:36:44.486: [INFO][Sync] Stopped: Preferences
2026-04-22 14:36:44.486: [INFO][Sync] Stopped: Passwords
2026-04-22 14:36:44.486: [INFO][Sync] Stopped: Autofill Profiles
2026-04-22 14:36:44.486: [INFO][Sync] Stopped: Autofill
2026-04-22 14:36:44.486: [INFO][Sync] Stopped: Extensions
2026-04-22 14:36:44.486: [INFO][Sync] Stopped: Sessions
2026-04-22 14:36:44.486: [INFO][Sync] Stopped: Extension settings
2026-04-22 14:36:44.486: [INFO][Sync] Stopped: History Delete Directives
2026-04-22 14:36:44.486: [INFO][Sync] Stopped: Device Info
2026-04-22 14:36:44.486: [INFO][Sync] Stopped: User Consents
2026-04-22 14:36:44.486: [INFO][Sync] Stopped: Send Tab To Self
2026-04-22 14:36:44.486: [INFO][Sync] Stopped: Web Apps
2026-04-22 14:36:44.486: [INFO][Sync] Stopped: History
2026-04-22 14:36:44.486: [INFO][Sync] Stopped: Saved Tab Group
2026-04-22 14:36:44.486: [INFO][Sync] Stopped: WebAuthn Credentials
2026-04-22 14:36:44.486: [INFO][Sync] Stopped: Collection
2026-04-22 14:36:44.486: [INFO][Sync] Stopped: Edge E Drop
2026-04-22 14:36:44.486: [INFO][Sync] Stopped: Edge Hub App Usage
2026-04-22 14:36:44.486: [INFO][Sync] Stopped: Edge Wallet
2026-04-22 14:36:44.486: [INFO][Sync] Stopped: Edge Workspace
2026-04-22 14:36:44.487: [INFO][Sync] SyncState after authenticated was: NotSignedIn
2026-04-22 14:36:44.866: [INFO][Sync] Reset engine, reason: 8
2026-04-22 14:36:44.866: [INFO][Sync] Stopped: Bookmarks
2026-04-22 14:36:44.866: [INFO][Sync] Stopped: Preferences
2026-04-22 14:36:44.866: [INFO][Sync] Stopped: Passwords
2026-04-22 14:36:44.866: [INFO][Sync] Stopped: Autofill Profiles
2026-04-22 14:36:44.866: [INFO][Sync] Stopped: Autofill
2026-04-22 14:36:44.866: [INFO][Sync] Stopped: Extensions
2026-04-22 14:36:44.866: [INFO][Sync] Stopped: Sessions
2026-04-22 14:36:44.866: [INFO][Sync] Stopped: Extension settings
2026-04-22 14:36:44.866: [INFO][Sync] Stopped: History Delete Directives
2026-04-22 14:36:44.866: [INFO][Sync] Stopped: Device Info
2026-04-22 14:36:44.866: [INFO][Sync] Stopped: User Consents
2026-04-22 14:36:44.866: [INFO][Sync] Stopped: Send Tab To Self
2026-04-22 14:36:44.866: [INFO][Sync] Stopped: Web Apps
2026-04-22 14:36:44.866: [INFO][Sync] Stopped: History
2026-04-22 14:36:44.866: [INFO][Sync] Stopped: Saved Tab Group
2026-04-22 14:36:44.866: [INFO][Sync] Stopped: WebAuthn Credentials
2026-04-22 14:36:44.866: [INFO][Sync] Stopped: Collection
2026-04-22 14:36:44.866: [INFO][Sync] Stopped: Edge E Drop
2026-04-22 14:36:44.866: [INFO][Sync] Stopped: Edge Hub App Usage
2026-04-22 14:36:44.866: [INFO][Sync] Stopped: Edge Wallet
2026-04-22 14:36:44.866: [INFO][Sync] Stopped: Edge Workspace
2026-04-22 14:36:55.158: [INFO][Sync] Try to start sync engine
2026-04-22 14:36:55.160: [INFO][SyncManagerImpl::NudgeForInitialDownload] Initial download nudge for Encryption Keys
2026-04-22 14:36:55.160: [INFO][SyncEngineBackend::LoadAndConnectNigoriController] Load and connect Nigori controller
2026-04-22 14:36:55.160: [INFO][SyncEngineBackend::DoInitialize] Control Types added: Encryption Keys
2026-04-22 14:36:55.160: [INFO][SyncManagerImpl::ConfigureSyncer] Types to download: Encryption Keys with reason: 3
2026-04-22 14:36:55.160: [INFO][SyncSchedulerImpl::DoConfigurationSyncCycleJob] Configure job was blocked
2026-04-22 14:36:55.203: [INFO][SyncAuthManager::SetLastAuthError] Current auth error: None
2026-04-22 14:36:55.203: [INFO][SyncAuthManager::EdgeLogTokenErrorState] Token error with: None for account type: MSA
2026-04-22 14:36:55.203: [INFO][Sync] Credentials changed for: EdgeSyncScopeNew
2026-04-22 14:36:56.951: [INFO][SyncAuthManager::SetLastAuthError] Current auth error: None
2026-04-22 14:36:56.951: [INFO][SyncAuthManager::EdgeLogTokenErrorState] Token error with: None for account type: MSA
2026-04-22 14:36:56.951: [INFO][Sync] Credentials changed for: EdgeSyncKeyDataScope
2026-04-22 14:36:56.951: [INFO][SyncEngineBackend::DoUpdateKeyDataCredentials] Update key data credentials
2026-04-22 14:36:56.951: [INFO][SyncEngineBackend::DoUpdateCredentials] Update credentials
2026-04-22 14:36:56.951: [INFO][SyncSchedulerImpl::DoConfigurationSyncCycleJob] Blocked types:  and types to download: Encryption Keys
2026-04-22 14:36:59.247: [INFO][Sync] Started DataTypeManager configuration, reason: 4
2026-04-22 14:36:59.247: [INFO][Sync] Configuring for: Bookmarks, Preferences, Passwords, Autofill Profiles, Autofill, Extensions, Sessions, Extension settings, History Delete Directives, Device Info, User Consents, Send Tab To Self, Web Apps, History, Saved Tab Group, WebAuthn Credentials, Collection, Edge E Drop, Edge Hub App Usage, Edge Wallet, Edge Workspace, Encryption Keys, reason: 3, current state: 0
2026-04-22 14:36:59.247: [WARN][Sync] Crypto error data types: Passwords, Autofill Profiles, Autofill
2026-04-22 14:36:59.249: [INFO][Sync] Configure, desired: Bookmarks, Preferences, Extensions, Sessions, Extension settings, History Delete Directives, Device Info, User Consents, Send Tab To Self, Web Apps, History, Saved Tab Group, WebAuthn Credentials, Collection, Edge E Drop, Edge Hub App Usage, Edge Wallet, Edge Workspace, Encryption Keys; Allow fail: Passwords, Autofill Profiles, Autofill
2026-04-22 14:36:59.249: [INFO][Sync] Loading: Bookmarks
2026-04-22 14:36:59.249: [INFO][Sync] Loading: Preferences
2026-04-22 14:36:59.249: [INFO][Sync] Loading: Extensions
2026-04-22 14:36:59.249: [INFO][Sync] Loading: Sessions
2026-04-22 14:36:59.249: [INFO][Sync] Loading: Extension settings
2026-04-22 14:36:59.249: [INFO][Sync] Loading: History Delete Directives
2026-04-22 14:36:59.249: [INFO][Sync] Loading: Device Info
2026-04-22 14:36:59.249: [INFO][Sync] Loading: User Consents
2026-04-22 14:36:59.249: [INFO][Sync] Loading: Send Tab To Self
2026-04-22 14:36:59.249: [INFO][Sync] Loading: Web Apps
2026-04-22 14:36:59.249: [INFO][Sync] Loading: History
2026-04-22 14:36:59.249: [INFO][Sync] Loading: Saved Tab Group
2026-04-22 14:36:59.249: [INFO][Sync] Loading: WebAuthn Credentials
2026-04-22 14:36:59.249: [INFO][Sync] Loading: Collection
2026-04-22 14:36:59.249: [INFO][Sync] Loading: Edge E Drop
2026-04-22 14:36:59.250: [INFO][Sync] Loading: Edge Hub App Usage
2026-04-22 14:36:59.250: [INFO][Sync] Loading: Edge Wallet
2026-04-22 14:36:59.250: [INFO][Sync] Loading: Edge Workspace
2026-04-22 14:36:59.254: [INFO][Sync] All data types are ready for configure.
2026-04-22 14:37:01.310: [INFO][Sync] Started DataTypeManager configuration, reason: 5
2026-04-22 14:37:01.310: [INFO][Sync] Configuring for: Bookmarks, Preferences, Passwords, Autofill Profiles, Autofill, Extensions, Sessions, Extension settings, History Delete Directives, Device Info, User Consents, Send Tab To Self, Web Apps, History, Saved Tab Group, WebAuthn Credentials, Collection, Edge E Drop, Edge Hub App Usage, Edge Wallet, Edge Workspace, Encryption Keys, reason: 5, current state: 1
2026-04-22 14:37:01.319: [INFO][SyncEngineBackend::DoStartConfiguration] Start configuration
2026-04-22 14:37:01.319: [INFO][SyncManagerImpl::NudgeForInitialDownload] Initial download nudge for Bookmarks
2026-04-22 14:37:01.319: [INFO][SyncManagerImpl::NudgeForInitialDownload] Initial download nudge for Preferences
2026-04-22 14:37:01.319: [INFO][SyncManagerImpl::NudgeForInitialDownload] Initial download nudge for Extensions
2026-04-22 14:37:01.319: [INFO][SyncManagerImpl::NudgeForInitialDownload] Initial download nudge for Sessions
2026-04-22 14:37:01.319: [INFO][SyncManagerImpl::NudgeForInitialDownload] Initial download nudge for Extension settings
2026-04-22 14:37:01.319: [INFO][SyncManagerImpl::NudgeForInitialDownload] Initial download nudge for History Delete Directives
2026-04-22 14:37:01.319: [INFO][SyncManagerImpl::NudgeForInitialDownload] Initial download nudge for Device Info
2026-04-22 14:37:01.319: [INFO][SyncManagerImpl::NudgeForInitialDownload] Initial download nudge for Send Tab To Self
2026-04-22 14:37:01.319: [INFO][SyncManagerImpl::NudgeForInitialDownload] Initial download nudge for Web Apps
2026-04-22 14:37:01.319: [INFO][SyncManagerImpl::NudgeForInitialDownload] Initial download nudge for History
2026-04-22 14:37:01.319: [INFO][SyncManagerImpl::NudgeForInitialDownload] Initial download nudge for Saved Tab Group
2026-04-22 14:37:01.319: [INFO][SyncManagerImpl::NudgeForInitialDownload] Initial download nudge for WebAuthn Credentials
2026-04-22 14:37:01.319: [INFO][SyncManagerImpl::NudgeForInitialDownload] Initial download nudge for Collection
2026-04-22 14:37:01.319: [INFO][SyncManagerImpl::NudgeForInitialDownload] Initial download nudge for Edge E Drop
2026-04-22 14:37:01.319: [INFO][SyncManagerImpl::NudgeForInitialDownload] Initial download nudge for Edge Hub App Usage
2026-04-22 14:37:01.319: [INFO][SyncManagerImpl::NudgeForInitialDownload] Initial download nudge for Edge Wallet
2026-04-22 14:37:01.319: [INFO][SyncManagerImpl::NudgeForInitialDownload] Initial download nudge for Edge Workspace
2026-04-22 14:37:01.319: [INFO][SyncManagerImpl::ConfigureSyncer] Types to download:  with reason: 3
2026-04-22 14:37:01.319: [INFO][SyncEngineBackend::DoFinishConfigureDataTypes] Failed to download types:  and succeeded types: 
2026-04-22 14:37:01.319: [INFO][Sync] ConfigurationDone, failed: , succeeded: , remaining count: 4
2026-04-22 14:37:01.319: [WARN][Sync]     Reconfigure requested while configuration ongoing.
2026-04-22 14:37:01.319: [INFO][Sync] Configuring for: Bookmarks, Preferences, Passwords, Autofill Profiles, Autofill, Extensions, Sessions, Extension settings, History Delete Directives, Device Info, User Consents, Send Tab To Self, Web Apps, History, Saved Tab Group, WebAuthn Credentials, Collection, Edge E Drop, Edge Hub App Usage, Edge Wallet, Edge Workspace, Encryption Keys, reason: 5, current state: 2
2026-04-22 14:37:01.319: [INFO][Sync] Configure, desired: Bookmarks, Preferences, Passwords, Autofill Profiles, Autofill, Extensions, Sessions, Extension settings, History Delete Directives, Device Info, User Consents, Send Tab To Self, Web Apps, History, Saved Tab Group, WebAuthn Credentials, Collection, Edge E Drop, Edge Hub App Usage, Edge Wallet, Edge Workspace, Encryption Keys; Allow fail: 
2026-04-22 14:37:01.319: [INFO][Sync] Loading: Passwords
2026-04-22 14:37:01.319: [INFO][Sync] Loading: Autofill Profiles
2026-04-22 14:37:01.319: [INFO][Sync] Loading: Autofill
2026-04-22 14:37:01.319: [INFO][Sync] All data types are ready for configure.
2026-04-22 14:37:01.320: [INFO][SyncManagerImpl::NudgeForInitialDownload] Initial download nudge for Passwords
2026-04-22 14:37:01.320: [INFO][SyncManagerImpl::NudgeForInitialDownload] Initial download nudge for Autofill Profiles
2026-04-22 14:37:01.320: [INFO][SyncManagerImpl::NudgeForInitialDownload] Initial download nudge for Autofill
2026-04-22 14:37:01.320: [INFO][SyncManagerImpl::ConfigureSyncer] Types to download:  with reason: 5
2026-04-22 14:37:01.320: [INFO][SyncEngineBackend::DoFinishConfigureDataTypes] Failed to download types:  and succeeded types: 
2026-04-22 14:37:01.320: [INFO][Sync] ConfigurationDone, failed: , succeeded: , remaining count: 4
2026-04-22 14:37:01.320: [INFO][Sync] Prepare to configure types: Preferences, Passwords, Device Info, Send Tab To Self, Edge E Drop, Encryption Keys
2026-04-22 14:37:01.320: [INFO][SyncManagerImpl::ConfigureSyncer] Types to download: Preferences, Passwords, Device Info, Send Tab To Self, Edge E Drop, Encryption Keys with reason: 5
2026-04-22 14:37:01.320: [INFO][SyncSchedulerImpl::DoConfigurationSyncCycleJob] Blocked types:  and types to download: Preferences, Passwords, Device Info, Send Tab To Self, Edge E Drop, Encryption Keys
2026-04-22 14:37:02.988: [INFO][SyncEngineBackend::DoFinishConfigureDataTypes] Failed to download types:  and succeeded types: Preferences, Passwords, Device Info, Send Tab To Self, Edge E Drop, Encryption Keys
2026-04-22 14:37:02.994: [INFO][Sync] ConfigurationDone, failed: , succeeded: Preferences, Passwords, Device Info, Send Tab To Self, Edge E Drop, Encryption Keys, remaining count: 3
2026-04-22 14:37:02.994: [INFO][Sync] Prepare to configure types: Bookmarks, Encryption Keys
2026-04-22 14:37:02.994: [INFO][SyncManagerImpl::ConfigureSyncer] Types to download: Bookmarks, Encryption Keys with reason: 5
2026-04-22 14:37:02.994: [INFO][SyncSchedulerImpl::DoConfigurationSyncCycleJob] Blocked types:  and types to download: Bookmarks, Encryption Keys
2026-04-22 14:37:04.588: [INFO][SyncEngineBackend::DoFinishConfigureDataTypes] Failed to download types:  and succeeded types: Bookmarks, Encryption Keys
2026-04-22 14:37:04.590: [INFO][Sync] ConfigurationDone, failed: , succeeded: Bookmarks, Encryption Keys, remaining count: 2
2026-04-22 14:37:04.590: [INFO][Sync] Prepare to configure types: Autofill Profiles, Autofill, Extensions, Sessions, Extension settings, History Delete Directives, Web Apps, Saved Tab Group, WebAuthn Credentials, Collection, Edge Hub App Usage, Edge Wallet, Edge Workspace, Encryption Keys
2026-04-22 14:37:04.591: [INFO][SyncManagerImpl::ConfigureSyncer] Types to download: Autofill Profiles, Autofill, Extensions, Sessions, Extension settings, History Delete Directives, Web Apps, Saved Tab Group, WebAuthn Credentials, Collection, Edge Hub App Usage, Edge Wallet, Edge Workspace, Encryption Keys with reason: 5
2026-04-22 14:37:04.591: [INFO][SyncSchedulerImpl::DoConfigurationSyncCycleJob] Blocked types:  and types to download: Autofill Profiles, Autofill, Extensions, Sessions, Extension settings, History Delete Directives, Web Apps, Saved Tab Group, WebAuthn Credentials, Collection, Edge Hub App Usage, Edge Wallet, Edge Workspace, Encryption Keys
2026-04-22 14:37:16.625: [INFO][SyncEngineBackend::DoFinishConfigureDataTypes] Failed to download types:  and succeeded types: Autofill Profiles, Autofill, Extensions, Sessions, Extension settings, History Delete Directives, Web Apps, Saved Tab Group, WebAuthn Credentials, Collection, Edge Hub App Usage, Edge Wallet, Edge Workspace, Encryption Keys
2026-04-22 14:37:16.627: [INFO][Sync] ConfigurationDone, failed: , succeeded: Autofill Profiles, Autofill, Extensions, Sessions, Extension settings, History Delete Directives, Web Apps, Saved Tab Group, WebAuthn Credentials, Collection, Edge Hub App Usage, Edge Wallet, Edge Workspace, Encryption Keys, remaining count: 1
2026-04-22 14:37:16.630: [INFO][Sync] Prepare to configure types: History, Encryption Keys
2026-04-22 14:37:16.630: [INFO][SyncManagerImpl::ConfigureSyncer] Types to download: History, Encryption Keys with reason: 5
2026-04-22 14:37:16.630: [INFO][SyncSchedulerImpl::DoConfigurationSyncCycleJob] Blocked types:  and types to download: History, Encryption Keys
2026-04-22 14:38:04.696: [INFO][SyncEngineBackend::DoFinishConfigureDataTypes] Failed to download types:  and succeeded types: History, Encryption Keys
2026-04-22 14:38:04.700: [INFO][Sync] ConfigurationDone, failed: , succeeded: History, Encryption Keys, remaining count: 0
2026-04-22 14:38:04.703: [INFO][Sync]     Configuration completed, state: 7
2026-04-22 14:38:04.703: [INFO][Sync] Configured DataTypeManager: Ok
2026-04-22 14:38:04.708: [INFO][SyncEngineBackend::DoStartSyncing] Start syncing
2026-04-22 14:38:06.885: [INFO][Sync] Reset engine, reason: 0
2026-04-22 14:38:06.885: [INFO][Sync] Reset engine with reason: 0
2026-04-22 14:38:06.887: [INFO][SyncSchedulerImpl::OnSyncNetworkError] Syncer error: Network error (ERR_ABORTED)
2026-04-22 14:38:06.889: [INFO][Commit::ReportFullCommitFailure] Commit Passwords failed with error: NetworkError
2026-04-22 14:38:06.890: [INFO][SyncSchedulerImpl::DoNudgeSyncCycleJob] Syncer error: Network error (ERR_ABORTED)
2026-04-24 17:12:50.321: [INFO][Sync] SyncState after authenticated was: FeatureCanStart
2026-04-24 17:12:50.601: [INFO][Sync] Try to start sync engine
2026-04-24 17:12:50.603: [INFO][SyncManagerImpl::NudgeForInitialDownload] Initial download nudge for Encryption Keys
2026-04-24 17:12:50.603: [INFO][SyncEngineBackend::LoadAndConnectNigoriController] Load and connect Nigori controller
2026-04-24 17:12:50.603: [INFO][SyncEngineBackend::DoInitialize] Control Types added: Encryption Keys
2026-04-24 17:12:50.603: [INFO][SyncManagerImpl::ConfigureSyncer] Types to download: Encryption Keys with reason: 3
2026-04-24 17:12:50.603: [INFO][SyncSchedulerImpl::DoConfigurationSyncCycleJob] Configure job was blocked
2026-04-24 17:12:50.808: [INFO][SyncAuthManager::SetLastAuthError] Current auth error: None
2026-04-24 17:12:50.808: [INFO][SyncAuthManager::EdgeLogTokenErrorState] Token error with: None for account type: MSA
2026-04-24 17:12:50.808: [INFO][Sync] Credentials changed for: EdgeSyncScopeNew
2026-04-24 17:13:05.213: [INFO][SyncAuthManager::SetLastAuthError] Current auth error: None
2026-04-24 17:13:05.213: [INFO][SyncAuthManager::EdgeLogTokenErrorState] Token error with: None for account type: MSA
2026-04-24 17:13:05.213: [INFO][Sync] Credentials changed for: EdgeSyncKeyDataScope
2026-04-24 17:13:05.213: [INFO][SyncEngineBackend::DoUpdateKeyDataCredentials] Update key data credentials
2026-04-24 17:13:05.213: [INFO][SyncEngineBackend::DoUpdateCredentials] Update credentials
2026-04-24 17:13:05.213: [INFO][SyncSchedulerImpl::DoConfigurationSyncCycleJob] Blocked types:  and types to download: Encryption Keys
2026-04-24 17:13:06.456: [INFO][Sync] Started DataTypeManager configuration, reason: 4
2026-04-24 17:13:06.456: [INFO][Sync] Configuring for: Bookmarks, Preferences, Passwords, Autofill Profiles, Autofill, Extensions, Sessions, Extension settings, History Delete Directives, Device Info, User Consents, Send Tab To Self, Web Apps, History, Saved Tab Group, WebAuthn Credentials, Collection, Edge E Drop, Edge Hub App Usage, Edge Wallet, Edge Workspace, Encryption Keys, reason: 4, current state: 0
2026-04-24 17:13:06.456: [WARN][Sync] Crypto error data types: Passwords, Autofill Profiles, Autofill
2026-04-24 17:13:06.459: [INFO][Sync] Configure, desired: Bookmarks, Preferences, Extensions, Sessions, Extension settings, History Delete Directives, Device Info, User Consents, Send Tab To Self, Web Apps, History, Saved Tab Group, WebAuthn Credentials, Collection, Edge E Drop, Edge Hub App Usage, Edge Wallet, Edge Workspace, Encryption Keys; Allow fail: Passwords, Autofill Profiles, Autofill
2026-04-24 17:13:06.459: [INFO][Sync] Loading: Bookmarks
2026-04-24 17:13:06.459: [INFO][Sync] Loading: Preferences
2026-04-24 17:13:06.459: [INFO][Sync] Loading: Extensions
2026-04-24 17:13:06.459: [INFO][Sync] Loading: Sessions
2026-04-24 17:13:06.459: [INFO][Sync] Loading: Extension settings
2026-04-24 17:13:06.459: [INFO][Sync] Loading: History Delete Directives
2026-04-24 17:13:06.460: [INFO][Sync] Loading: Device Info
2026-04-24 17:13:06.460: [INFO][Sync] Loading: User Consents
2026-04-24 17:13:06.460: [INFO][Sync] Loading: Send Tab To Self
2026-04-24 17:13:06.460: [INFO][Sync] Loading: Web Apps
2026-04-24 17:13:06.460: [INFO][Sync] Loading: History
2026-04-24 17:13:06.460: [INFO][Sync] Loading: Saved Tab Group
2026-04-24 17:13:06.460: [INFO][Sync] Loading: WebAuthn Credentials
2026-04-24 17:13:06.460: [INFO][Sync] Loading: Collection
2026-04-24 17:13:06.460: [INFO][Sync] Loading: Edge E Drop
2026-04-24 17:13:06.460: [INFO][Sync] Loading: Edge Hub App Usage
2026-04-24 17:13:06.460: [INFO][Sync] Loading: Edge Wallet
2026-04-24 17:13:06.460: [INFO][Sync] Loading: Edge Workspace
2026-04-24 17:13:06.466: [INFO][Sync] All data types are ready for configure.
2026-04-24 17:13:12.566: [INFO][Sync] Started DataTypeManager configuration, reason: 5
2026-04-24 17:13:12.566: [INFO][Sync] Configuring for: Bookmarks, Preferences, Passwords, Autofill Profiles, Autofill, Extensions, Sessions, Extension settings, History Delete Directives, Device Info, User Consents, Send Tab To Self, Web Apps, History, Saved Tab Group, WebAuthn Credentials, Collection, Edge E Drop, Edge Hub App Usage, Edge Wallet, Edge Workspace, Encryption Keys, reason: 5, current state: 1
2026-04-24 17:13:12.575: [INFO][SyncEngineBackend::DoStartConfiguration] Start configuration
2026-04-24 17:13:12.576: [INFO][SyncManagerImpl::ConfigureSyncer] Types to download:  with reason: 4
2026-04-24 17:13:12.576: [INFO][SyncEngineBackend::DoFinishConfigureDataTypes] Failed to download types:  and succeeded types: 
2026-04-24 17:13:12.576: [INFO][Sync] ConfigurationDone, failed: , succeeded: , remaining count: 4
2026-04-24 17:13:12.576: [WARN][Sync]     Reconfigure requested while configuration ongoing.
2026-04-24 17:13:12.576: [INFO][Sync] Configuring for: Bookmarks, Preferences, Passwords, Autofill Profiles, Autofill, Extensions, Sessions, Extension settings, History Delete Directives, Device Info, User Consents, Send Tab To Self, Web Apps, History, Saved Tab Group, WebAuthn Credentials, Collection, Edge E Drop, Edge Hub App Usage, Edge Wallet, Edge Workspace, Encryption Keys, reason: 5, current state: 2
2026-04-24 17:13:12.576: [INFO][Sync] Configure, desired: Bookmarks, Preferences, Passwords, Autofill Profiles, Autofill, Extensions, Sessions, Extension settings, History Delete Directives, Device Info, User Consents, Send Tab To Self, Web Apps, History, Saved Tab Group, WebAuthn Credentials, Collection, Edge E Drop, Edge Hub App Usage, Edge Wallet, Edge Workspace, Encryption Keys; Allow fail: 
2026-04-24 17:13:12.576: [INFO][Sync] Loading: Passwords
2026-04-24 17:13:12.576: [INFO][Sync] Loading: Autofill Profiles
2026-04-24 17:13:12.576: [INFO][Sync] Loading: Autofill
2026-04-24 17:13:12.576: [INFO][Sync] All data types are ready for configure.
2026-04-24 17:13:12.576: [INFO][SyncManagerImpl::NudgeForInitialDownload] Initial download nudge for Passwords
2026-04-24 17:13:12.576: [INFO][SyncManagerImpl::ConfigureSyncer] Types to download:  with reason: 5
2026-04-24 17:13:12.576: [INFO][SyncEngineBackend::DoFinishConfigureDataTypes] Failed to download types:  and succeeded types: 
2026-04-24 17:13:12.577: [INFO][Sync] ConfigurationDone, failed: , succeeded: , remaining count: 4
2026-04-24 17:13:12.577: [INFO][Sync] Prepare to configure types: Passwords, Encryption Keys
2026-04-24 17:13:12.577: [INFO][SyncManagerImpl::ConfigureSyncer] Types to download: Passwords, Encryption Keys with reason: 5
2026-04-24 17:13:12.577: [INFO][SyncSchedulerImpl::DoConfigurationSyncCycleJob] Blocked types:  and types to download: Passwords, Encryption Keys
2026-04-24 17:13:13.078: [INFO][SyncEngineBackend::DoFinishConfigureDataTypes] Failed to download types:  and succeeded types: Passwords, Encryption Keys
2026-04-24 17:13:13.081: [INFO][Sync] ConfigurationDone, failed: , succeeded: Passwords, Encryption Keys, remaining count: 3
2026-04-24 17:13:13.081: [INFO][SyncManagerImpl::ConfigureSyncer] Types to download:  with reason: 5
2026-04-24 17:13:13.081: [INFO][SyncEngineBackend::DoFinishConfigureDataTypes] Failed to download types:  and succeeded types: 
2026-04-24 17:13:13.081: [INFO][Sync] ConfigurationDone, failed: , succeeded: , remaining count: 2
2026-04-24 17:13:13.082: [INFO][SyncManagerImpl::ConfigureSyncer] Types to download:  with reason: 5
2026-04-24 17:13:13.082: [INFO][SyncEngineBackend::DoFinishConfigureDataTypes] Failed to download types:  and succeeded types: 
2026-04-24 17:13:13.082: [INFO][Sync] ConfigurationDone, failed: , succeeded: , remaining count: 1
2026-04-24 17:13:13.086: [INFO][SyncManagerImpl::ConfigureSyncer] Types to download:  with reason: 5
2026-04-24 17:13:13.086: [INFO][SyncEngineBackend::DoFinishConfigureDataTypes] Failed to download types:  and succeeded types: 
2026-04-24 17:13:13.086: [INFO][Sync] ConfigurationDone, failed: , succeeded: , remaining count: 0
2026-04-24 17:13:13.091: [INFO][Sync]     Configuration completed, state: 7
2026-04-24 17:13:13.091: [INFO][Sync] Configured DataTypeManager: Ok
2026-04-24 17:13:13.096: [INFO][SyncEngineBackend::DoStartSyncing] Start syncing
2026-04-24 17:15:47.675: [INFO][Sync] Reset engine, reason: 0
2026-04-24 17:15:47.675: [INFO][Sync] Reset engine with reason: 0
2026-04-24 17:16:41.761: [INFO][Sync] Reset engine, reason: 8
2026-04-24 17:16:41.761: [INFO][Sync] Stopped: Bookmarks
2026-04-24 17:16:41.761: [INFO][Sync] Stopped: Preferences
2026-04-24 17:16:41.761: [INFO][Sync] Stopped: Passwords
2026-04-24 17:16:41.761: [INFO][Sync] Stopped: Autofill Profiles
2026-04-24 17:16:41.761: [INFO][Sync] Stopped: Autofill
2026-04-24 17:16:41.761: [INFO][Sync] Stopped: Extensions
2026-04-24 17:16:41.761: [INFO][Sync] Stopped: Sessions
2026-04-24 17:16:41.761: [INFO][Sync] Stopped: Extension settings
2026-04-24 17:16:41.761: [INFO][Sync] Stopped: History Delete Directives
2026-04-24 17:16:41.761: [INFO][Sync] Stopped: Device Info
2026-04-24 17:16:41.761: [INFO][Sync] Stopped: User Consents
2026-04-24 17:16:41.761: [INFO][Sync] Stopped: Send Tab To Self
2026-04-24 17:16:41.761: [INFO][Sync] Stopped: Web Apps
2026-04-24 17:16:41.761: [INFO][Sync] Stopped: History
2026-04-24 17:16:41.761: [INFO][Sync] Stopped: Saved Tab Group
2026-04-24 17:16:41.761: [INFO][Sync] Stopped: WebAuthn Credentials
2026-04-24 17:16:41.761: [INFO][Sync] Stopped: Collection
2026-04-24 17:16:41.761: [INFO][Sync] Stopped: Edge E Drop
2026-04-24 17:16:41.761: [INFO][Sync] Stopped: Edge Hub App Usage
2026-04-24 17:16:41.761: [INFO][Sync] Stopped: Edge Wallet
2026-04-24 17:16:41.761: [INFO][Sync] Stopped: Edge Workspace
2026-04-24 17:16:41.761: [INFO][Sync] SyncState after authenticated was: NotSignedIn
2026-04-24 17:16:42.064: [INFO][Sync] Reset engine, reason: 8
2026-04-24 17:16:42.064: [INFO][Sync] Stopped: Bookmarks
2026-04-24 17:16:42.064: [INFO][Sync] Stopped: Preferences
2026-04-24 17:16:42.064: [INFO][Sync] Stopped: Passwords
2026-04-24 17:16:42.064: [INFO][Sync] Stopped: Autofill Profiles
2026-04-24 17:16:42.064: [INFO][Sync] Stopped: Autofill
2026-04-24 17:16:42.064: [INFO][Sync] Stopped: Extensions
2026-04-24 17:16:42.064: [INFO][Sync] Stopped: Sessions
2026-04-24 17:16:42.064: [INFO][Sync] Stopped: Extension settings
2026-04-24 17:16:42.064: [INFO][Sync] Stopped: History Delete Directives
2026-04-24 17:16:42.064: [INFO][Sync] Stopped: Device Info
2026-04-24 17:16:42.064: [INFO][Sync] Stopped: User Consents
2026-04-24 17:16:42.064: [INFO][Sync] Stopped: Send Tab To Self
2026-04-24 17:16:42.064: [INFO][Sync] Stopped: Web Apps
2026-04-24 17:16:42.064: [INFO][Sync] Stopped: History
2026-04-24 17:16:42.064: [INFO][Sync] Stopped: Saved Tab Group
2026-04-24 17:16:42.064: [INFO][Sync] Stopped: WebAuthn Credentials
2026-04-24 17:16:42.064: [INFO][Sync] Stopped: Collection
2026-04-24 17:16:42.064: [INFO][Sync] Stopped: Edge E Drop
2026-04-24 17:16:42.064: [INFO][Sync] Stopped: Edge Hub App Usage
2026-04-24 17:16:42.064: [INFO][Sync] Stopped: Edge Wallet
2026-04-24 17:16:42.064: [INFO][Sync] Stopped: Edge Workspace
2026-04-24 17:16:45.880: [INFO][Sync] Try to start sync engine
2026-04-24 17:16:45.882: [INFO][SyncManagerImpl::NudgeForInitialDownload] Initial download nudge for Encryption Keys
2026-04-24 17:16:45.882: [INFO][SyncEngineBackend::LoadAndConnectNigoriController] Load and connect Nigori controller
2026-04-24 17:16:45.882: [INFO][SyncEngineBackend::DoInitialize] Control Types added: Encryption Keys
2026-04-24 17:16:45.882: [INFO][SyncManagerImpl::ConfigureSyncer] Types to download: Encryption Keys with reason: 3
2026-04-24 17:16:45.882: [INFO][SyncSchedulerImpl::DoConfigurationSyncCycleJob] Configure job was blocked
2026-04-24 17:16:45.934: [INFO][SyncAuthManager::SetLastAuthError] Current auth error: None
2026-04-24 17:16:45.934: [INFO][SyncAuthManager::EdgeLogTokenErrorState] Token error with: None for account type: MSA
2026-04-24 17:16:45.934: [INFO][Sync] Credentials changed for: EdgeSyncScopeNew
2026-04-24 17:16:46.013: [INFO][SyncAuthManager::SetLastAuthError] Current auth error: None
2026-04-24 17:16:46.013: [INFO][SyncAuthManager::EdgeLogTokenErrorState] Token error with: None for account type: MSA
2026-04-24 17:16:46.013: [INFO][Sync] Credentials changed for: EdgeSyncKeyDataScope
2026-04-24 17:16:46.013: [INFO][SyncEngineBackend::DoUpdateKeyDataCredentials] Update key data credentials
2026-04-24 17:16:46.013: [INFO][SyncEngineBackend::DoUpdateCredentials] Update credentials
2026-04-24 17:16:46.013: [INFO][SyncSchedulerImpl::DoConfigurationSyncCycleJob] Blocked types:  and types to download: Encryption Keys
2026-04-24 17:16:46.623: [INFO][Sync] Started DataTypeManager configuration, reason: 4
2026-04-24 17:16:46.623: [INFO][Sync] Configuring for: Bookmarks, Preferences, Passwords, Autofill Profiles, Autofill, Extensions, Sessions, Extension settings, History Delete Directives, Device Info, User Consents, Send Tab To Self, Web Apps, History, Saved Tab Group, WebAuthn Credentials, Collection, Edge E Drop, Edge Hub App Usage, Edge Wallet, Edge Workspace, Encryption Keys, reason: 4, current state: 0
2026-04-24 17:16:46.623: [WARN][Sync] Crypto error data types: Passwords, Autofill Profiles, Autofill
2026-04-24 17:16:46.626: [INFO][Sync] Configure, desired: Bookmarks, Preferences, Extensions, Sessions, Extension settings, History Delete Directives, Device Info, User Consents, Send Tab To Self, Web Apps, History, Saved Tab Group, WebAuthn Credentials, Collection, Edge E Drop, Edge Hub App Usage, Edge Wallet, Edge Workspace, Encryption Keys; Allow fail: Passwords, Autofill Profiles, Autofill
2026-04-24 17:16:46.626: [INFO][Sync] Loading: Bookmarks
2026-04-24 17:16:46.626: [INFO][Sync] Loading: Preferences
2026-04-24 17:16:46.626: [INFO][Sync] Loading: Extensions
2026-04-24 17:16:46.626: [INFO][Sync] Loading: Sessions
2026-04-24 17:16:46.626: [INFO][Sync] Loading: Extension settings
2026-04-24 17:16:46.626: [INFO][Sync] Loading: History Delete Directives
2026-04-24 17:16:46.626: [INFO][Sync] Loading: Device Info
2026-04-24 17:16:46.626: [INFO][Sync] Loading: User Consents
2026-04-24 17:16:46.627: [INFO][Sync] Loading: Send Tab To Self
2026-04-24 17:16:46.627: [INFO][Sync] Loading: Web Apps
2026-04-24 17:16:46.627: [INFO][Sync] Loading: History
2026-04-24 17:16:46.627: [INFO][Sync] Loading: Saved Tab Group
2026-04-24 17:16:46.627: [INFO][Sync] Loading: WebAuthn Credentials
2026-04-24 17:16:46.627: [INFO][Sync] Loading: Collection
2026-04-24 17:16:46.627: [INFO][Sync] Loading: Edge E Drop
2026-04-24 17:16:46.627: [INFO][Sync] Loading: Edge Hub App Usage
2026-04-24 17:16:46.627: [INFO][Sync] Loading: Edge Wallet
2026-04-24 17:16:46.627: [INFO][Sync] Loading: Edge Workspace
2026-04-24 17:16:46.645: [INFO][Sync] All data types are ready for configure.
2026-04-24 17:16:48.078: [INFO][Sync] Started DataTypeManager configuration, reason: 5
2026-04-24 17:16:48.078: [INFO][Sync] Configuring for: Bookmarks, Preferences, Passwords, Autofill Profiles, Autofill, Extensions, Sessions, Extension settings, History Delete Directives, Device Info, User Consents, Send Tab To Self, Web Apps, History, Saved Tab Group, WebAuthn Credentials, Collection, Edge E Drop, Edge Hub App Usage, Edge Wallet, Edge Workspace, Encryption Keys, reason: 5, current state: 1
2026-04-24 17:16:48.091: [INFO][SyncEngineBackend::DoStartConfiguration] Start configuration
2026-04-24 17:16:48.091: [INFO][SyncManagerImpl::NudgeForInitialDownload] Initial download nudge for Bookmarks
2026-04-24 17:16:48.091: [INFO][SyncManagerImpl::NudgeForInitialDownload] Initial download nudge for Preferences
2026-04-24 17:16:48.091: [INFO][SyncManagerImpl::NudgeForInitialDownload] Initial download nudge for Extensions
2026-04-24 17:16:48.091: [INFO][SyncManagerImpl::NudgeForInitialDownload] Initial download nudge for Sessions
2026-04-24 17:16:48.091: [INFO][SyncManagerImpl::NudgeForInitialDownload] Initial download nudge for Extension settings
2026-04-24 17:16:48.091: [INFO][SyncManagerImpl::NudgeForInitialDownload] Initial download nudge for History Delete Directives
2026-04-24 17:16:48.092: [INFO][SyncManagerImpl::NudgeForInitialDownload] Initial download nudge for Device Info
2026-04-24 17:16:48.092: [INFO][SyncManagerImpl::NudgeForInitialDownload] Initial download nudge for Send Tab To Self
2026-04-24 17:16:48.092: [INFO][SyncManagerImpl::NudgeForInitialDownload] Initial download nudge for Web Apps
2026-04-24 17:16:48.092: [INFO][SyncManagerImpl::NudgeForInitialDownload] Initial download nudge for History
2026-04-24 17:16:48.092: [INFO][SyncManagerImpl::NudgeForInitialDownload] Initial download nudge for Saved Tab Group
2026-04-24 17:16:48.092: [INFO][SyncManagerImpl::NudgeForInitialDownload] Initial download nudge for WebAuthn Credentials
2026-04-24 17:16:48.092: [INFO][SyncManagerImpl::NudgeForInitialDownload] Initial download nudge for Collection
2026-04-24 17:16:48.092: [INFO][SyncManagerImpl::NudgeForInitialDownload] Initial download nudge for Edge E Drop
2026-04-24 17:16:48.092: [INFO][SyncManagerImpl::NudgeForInitialDownload] Initial download nudge for Edge Hub App Usage
2026-04-24 17:16:48.092: [INFO][SyncManagerImpl::NudgeForInitialDownload] Initial download nudge for Edge Wallet
2026-04-24 17:16:48.092: [INFO][SyncManagerImpl::NudgeForInitialDownload] Initial download nudge for Edge Workspace
2026-04-24 17:16:48.092: [INFO][SyncManagerImpl::ConfigureSyncer] Types to download:  with reason: 4
2026-04-24 17:16:48.092: [INFO][SyncEngineBackend::DoFinishConfigureDataTypes] Failed to download types:  and succeeded types: 
2026-04-24 17:16:48.092: [INFO][Sync] ConfigurationDone, failed: , succeeded: , remaining count: 4
2026-04-24 17:16:48.092: [WARN][Sync]     Reconfigure requested while configuration ongoing.
2026-04-24 17:16:48.092: [INFO][Sync] Configuring for: Bookmarks, Preferences, Passwords, Autofill Profiles, Autofill, Extensions, Sessions, Extension settings, History Delete Directives, Device Info, User Consents, Send Tab To Self, Web Apps, History, Saved Tab Group, WebAuthn Credentials, Collection, Edge E Drop, Edge Hub App Usage, Edge Wallet, Edge Workspace, Encryption Keys, reason: 5, current state: 2
2026-04-24 17:16:48.092: [INFO][Sync] Configure, desired: Bookmarks, Preferences, Passwords, Autofill Profiles, Autofill, Extensions, Sessions, Extension settings, History Delete Directives, Device Info, User Consents, Send Tab To Self, Web Apps, History, Saved Tab Group, WebAuthn Credentials, Collection, Edge E Drop, Edge Hub App Usage, Edge Wallet, Edge Workspace, Encryption Keys; Allow fail: 
2026-04-24 17:16:48.092: [INFO][Sync] Loading: Passwords
2026-04-24 17:16:48.092: [INFO][Sync] Loading: Autofill Profiles
2026-04-24 17:16:48.092: [INFO][Sync] Loading: Autofill
2026-04-24 17:16:48.092: [INFO][Sync] All data types are ready for configure.
2026-04-24 17:16:48.092: [INFO][SyncManagerImpl::NudgeForInitialDownload] Initial download nudge for Passwords
2026-04-24 17:16:48.092: [INFO][SyncManagerImpl::NudgeForInitialDownload] Initial download nudge for Autofill Profiles
2026-04-24 17:16:48.092: [INFO][SyncManagerImpl::NudgeForInitialDownload] Initial download nudge for Autofill
2026-04-24 17:16:48.092: [INFO][SyncManagerImpl::ConfigureSyncer] Types to download:  with reason: 5
2026-04-24 17:16:48.092: [INFO][SyncEngineBackend::DoFinishConfigureDataTypes] Failed to download types:  and succeeded types: 
2026-04-24 17:16:48.092: [INFO][Sync] ConfigurationDone, failed: , succeeded: , remaining count: 4
2026-04-24 17:16:48.092: [INFO][Sync] Prepare to configure types: Preferences, Passwords, Device Info, Send Tab To Self, Edge E Drop, Encryption Keys
2026-04-24 17:16:48.093: [INFO][SyncManagerImpl::ConfigureSyncer] Types to download: Preferences, Passwords, Device Info, Send Tab To Self, Edge E Drop, Encryption Keys with reason: 5
2026-04-24 17:16:48.093: [INFO][SyncSchedulerImpl::DoConfigurationSyncCycleJob] Blocked types:  and types to download: Preferences, Passwords, Device Info, Send Tab To Self, Edge E Drop, Encryption Keys
2026-04-24 17:16:50.988: [INFO][SyncEngineBackend::DoFinishConfigureDataTypes] Failed to download types:  and succeeded types: Preferences, Passwords, Device Info, Send Tab To Self, Edge E Drop, Encryption Keys
2026-04-24 17:16:50.993: [INFO][Sync] ConfigurationDone, failed: , succeeded: Preferences, Passwords, Device Info, Send Tab To Self, Edge E Drop, Encryption Keys, remaining count: 3
2026-04-24 17:16:50.994: [INFO][Sync] Prepare to configure types: Bookmarks, Encryption Keys
2026-04-24 17:16:50.994: [INFO][SyncManagerImpl::ConfigureSyncer] Types to download: Bookmarks, Encryption Keys with reason: 5
2026-04-24 17:16:50.994: [INFO][SyncSchedulerImpl::DoConfigurationSyncCycleJob] Blocked types:  and types to download: Bookmarks, Encryption Keys
2026-04-24 17:16:51.401: [INFO][SyncEngineBackend::DoFinishConfigureDataTypes] Failed to download types:  and succeeded types: Bookmarks, Encryption Keys
2026-04-24 17:16:51.407: [INFO][Sync] ConfigurationDone, failed: , succeeded: Bookmarks, Encryption Keys, remaining count: 2
2026-04-24 17:16:51.407: [INFO][Sync] Prepare to configure types: Autofill Profiles, Autofill, Extensions, Sessions, Extension settings, History Delete Directives, Web Apps, Saved Tab Group, WebAuthn Credentials, Collection, Edge Hub App Usage, Edge Wallet, Edge Workspace, Encryption Keys
2026-04-24 17:16:51.407: [INFO][SyncManagerImpl::ConfigureSyncer] Types to download: Autofill Profiles, Autofill, Extensions, Sessions, Extension settings, History Delete Directives, Web Apps, Saved Tab Group, WebAuthn Credentials, Collection, Edge Hub App Usage, Edge Wallet, Edge Workspace, Encryption Keys with reason: 5
2026-04-24 17:16:51.407: [INFO][SyncSchedulerImpl::DoConfigurationSyncCycleJob] Blocked types:  and types to download: Autofill Profiles, Autofill, Extensions, Sessions, Extension settings, History Delete Directives, Web Apps, Saved Tab Group, WebAuthn Credentials, Collection, Edge Hub App Usage, Edge Wallet, Edge Workspace, Encryption Keys
2026-04-24 17:16:57.847: [INFO][SyncEngineBackend::DoFinishConfigureDataTypes] Failed to download types:  and succeeded types: Autofill Profiles, Autofill, Extensions, Sessions, Extension settings, History Delete Directives, Web Apps, Saved Tab Group, WebAuthn Credentials, Collection, Edge Hub App Usage, Edge Wallet, Edge Workspace, Encryption Keys
2026-04-24 17:16:57.850: [INFO][Sync] ConfigurationDone, failed: , succeeded: Autofill Profiles, Autofill, Extensions, Sessions, Extension settings, History Delete Directives, Web Apps, Saved Tab Group, WebAuthn Credentials, Collection, Edge Hub App Usage, Edge Wallet, Edge Workspace, Encryption Keys, remaining count: 1
2026-04-24 17:16:57.856: [INFO][Sync] Prepare to configure types: History, Encryption Keys
2026-04-24 17:16:57.856: [INFO][SyncManagerImpl::ConfigureSyncer] Types to download: History, Encryption Keys with reason: 5
2026-04-24 17:16:57.856: [INFO][SyncSchedulerImpl::DoConfigurationSyncCycleJob] Blocked types:  and types to download: History, Encryption Keys
2026-04-24 17:17:44.234: [INFO][SyncEngineBackend::DoFinishConfigureDataTypes] Failed to download types:  and succeeded types: History, Encryption Keys
2026-04-24 17:17:44.238: [INFO][Sync] ConfigurationDone, failed: , succeeded: History, Encryption Keys, remaining count: 0
2026-04-24 17:17:44.243: [INFO][Sync]     Configuration completed, state: 7
2026-04-24 17:17:44.243: [INFO][Sync] Configured DataTypeManager: Ok
2026-04-24 17:17:44.247: [INFO][SyncEngineBackend::DoStartSyncing] Start syncing
2026-04-24 17:17:49.257: [INFO][Sync] Reset engine, reason: 0
2026-04-24 17:17:49.257: [INFO][Sync] Reset engine with reason: 0
