2026-04-22 14:36:44.677: [INFO] VisibilityChanged: 0
2026-04-22 14:36:44.734: [INFO] RecordSyncInitDuration has_sync_been_enabled: 0 state: 0
2026-04-22 14:36:44.736: [INFO] RecordSyncInitDuration has_sync_been_enabled: 0 state: 0
2026-04-22 14:36:44.739: [INFO] RecordSyncInitDuration has_sync_been_enabled: 0 state: 0
2026-04-22 14:36:44.742: [INFO] RecordSyncInitDuration has_sync_been_enabled: 0 state: 0
2026-04-22 14:36:44.744: [INFO] RecordSyncInitDuration has_sync_been_enabled: 0 state: 0
2026-04-22 14:36:44.746: [INFO] RecordSyncInitDuration has_sync_been_enabled: 0 state: 0
2026-04-22 14:36:44.749: [INFO] RecordSyncInitDuration has_sync_been_enabled: 0 state: 0
2026-04-22 14:36:44.751: [INFO] RecordSyncInitDuration has_sync_been_enabled: 0 state: 0
2026-04-22 14:36:44.755: [INFO] RecordSyncInitDuration has_sync_been_enabled: 0 state: 0
2026-04-22 14:36:44.757: [INFO] RecordSyncInitDuration has_sync_been_enabled: 0 state: 0
2026-04-22 14:36:44.760: [INFO] RecordSyncInitDuration has_sync_been_enabled: 0 state: 0
2026-04-22 14:36:44.762: [INFO] RecordSyncInitDuration has_sync_been_enabled: 0 state: 0
2026-04-22 14:36:44.781: [INFO] BookmarkModelLoaded, ids_reassigned: 0
2026-04-22 14:36:44.781: [INFO] OnDoneLoading sync enabled: 0
2026-04-22 14:36:44.869: [INFO] RecordSyncInitDuration has_sync_been_enabled: 0 state: 0
2026-04-22 14:36:55.156: [INFO] RecordSyncInitDuration has_sync_been_enabled: 0 state: 0
2026-04-22 14:36:55.163: [INFO] RecordSyncInitDuration has_sync_been_enabled: 0 state: 3
2026-04-22 14:36:55.175: [INFO] Primary account changed.
2026-04-22 14:36:55.175: [INFO] OnPrimaryAccountChanged PrimaryAccountChangeEvent::Type::kSet
2026-04-22 14:36:55.187: [INFO] RecordSyncInitDuration has_sync_been_enabled: 0 state: 3
2026-04-22 14:36:55.206: [INFO] RecordSyncInitDuration has_sync_been_enabled: 0 state: 3
2026-04-22 14:37:16.630: [INFO] Sync initialization duration: 21249ms
2026-04-24 17:12:50.532: [INFO] VisibilityChanged: 0
2026-04-24 17:12:50.599: [INFO] BookmarkModelLoaded, ids_reassigned: 0
2026-04-24 17:12:50.599: [INFO] OnDoneLoading sync enabled: 1
2026-04-24 17:13:13.086: [INFO] Sync initialization duration: 22481ms
2026-04-24 17:16:41.987: [INFO] VisibilityChanged: 0
2026-04-24 17:16:42.062: [INFO] BookmarkModelLoaded, ids_reassigned: 0
2026-04-24 17:16:42.062: [INFO] OnDoneLoading sync enabled: 0
2026-04-24 17:16:45.898: [INFO] Primary account changed.
2026-04-24 17:16:45.898: [INFO] OnPrimaryAccountChanged PrimaryAccountChangeEvent::Type::kSet
2026-04-24 17:16:57.856: [INFO] Sync initialization duration: 15788ms
